14:19:19 **** Incremental Build of configuration Debug for project MiniProject ****
make all 
make: Nothing to be done for `all'.
14:32:39 **** Incremental Build of configuration Debug for project MiniProject ****
make all 
make: Nothing to be done for `all'.
14:43:11 **** Incremental Build of configuration Debug for project Interrupt ****
make all 
make: Nothing to be done for `all'.
14:43:15 **** Incremental Build of configuration Debug for project MiniProject ****
make all 
Building file: ../Src/main.c
Invoking: MCU GCC Compiler
C:\Users\liewe\Desktop\Command_Line_Interface\MiniProject\Debug
arm-none-eabi-gcc -mcpu=cortex-m3 -mthumb -mfloat-abi=soft '-D__weak=__attribute__((weak))' '-D__packed=__attribute__((__packed__))' -DUSE_HAL_DRIVER -DSTM32F103xB -I"C:/Users/liewe/Desktop/Command_Line_Interface/MiniProject/Inc" -I"C:/Users/liewe/Desktop/Command_Line_Interface/MiniProject/Drivers/STM32F1xx_HAL_Driver/Inc" -I"C:/Users/liewe/Desktop/Command_Line_Interface/MiniProject/Drivers/STM32F1xx_HAL_Driver/Inc/Legacy" -I"C:/Users/liewe/Desktop/Command_Line_Interface/MiniProject/Drivers/CMSIS/Device/ST/STM32F1xx/Include" -I"C:/Users/liewe/Desktop/Command_Line_Interface/MiniProject/Drivers/CMSIS/Include" -I"C:/Users/liewe/Desktop/Command_Line_Interface/MiniProject/Inc"  -Og -g3 -Wall -fmessage-length=0 -ffunction-sections -c -fmessage-length=0 -MMD -MP -MF"Src/main.d" -MT"Src/main.o" -o "Src/main.o" "../Src/main.c"
../Src/main.c: In function 'main':
../Src/main.c:114:11: warning: unused variable 'spiBuff' [-Wunused-variable]
   uint8_t spiBuff[5] ="123";
           ^
../Src/main.c:84:11: warning: variable 'Data' set but not used [-Wunused-but-set-variable]
  uint64_t Data = 1;
           ^
../Src/main.c:83:11: warning: unused variable 'type_Program' [-Wunused-variable]
  uint32_t type_Program = 1; // last page of starting address
           ^
../Src/main.c:82:11: warning: variable 'Address' set but not used [-Wunused-but-set-variable]
  uint32_t Address;//writing address
           ^
Finished building: ../Src/main.c
 
Building target: MiniProject.elf
Invoking: MCU GCC Linker
arm-none-eabi-gcc -mcpu=cortex-m3 -mthumb -mfloat-abi=soft -specs=nosys.specs -specs=nano.specs -T"../STM32F103C8Tx_FLASH.ld" -Wl,-Map=output.map -Wl,--gc-sections -o "MiniProject.elf" @"objects.list"   -lm
Finished building target: MiniProject.elf
 
make --no-print-directory post-build
Generating binary and Printing size information:
arm-none-eabi-objcopy -O binary "MiniProject.elf" "MiniProject.bin"
arm-none-eabi-size "MiniProject.elf"
   text	   data	    bss	    dec	    hex	filename
  10364	    476	   1740	  12580	   3124	MiniProject.elf
 
14:43:30 **** Incremental Build of configuration Debug for project tcb ****
make all 
make: Nothing to be done for `all'.
14:43:58 **** Incremental Build of configuration Debug for project MiniProject ****
make all 
make: Nothing to be done for `all'.
14:52:16 **** Incremental Build of configuration Debug for project Interrupt ****
make all 
make: Nothing to be done for `all'.
14:52:20 **** Incremental Build of configuration Debug for project MiniProject ****
make all 
Building file: ../Src/main.c
Invoking: MCU GCC Compiler
C:\Users\liewe\Desktop\Command_Line_Interface\MiniProject\Debug
arm-none-eabi-gcc -mcpu=cortex-m3 -mthumb -mfloat-abi=soft '-D__weak=__attribute__((weak))' '-D__packed=__attribute__((__packed__))' -DUSE_HAL_DRIVER -DSTM32F103xB -I"C:/Users/liewe/Desktop/Command_Line_Interface/MiniProject/Inc" -I"C:/Users/liewe/Desktop/Command_Line_Interface/MiniProject/Drivers/STM32F1xx_HAL_Driver/Inc" -I"C:/Users/liewe/Desktop/Command_Line_Interface/MiniProject/Drivers/STM32F1xx_HAL_Driver/Inc/Legacy" -I"C:/Users/liewe/Desktop/Command_Line_Interface/MiniProject/Drivers/CMSIS/Device/ST/STM32F1xx/Include" -I"C:/Users/liewe/Desktop/Command_Line_Interface/MiniProject/Drivers/CMSIS/Include" -I"C:/Users/liewe/Desktop/Command_Line_Interface/MiniProject/Inc"  -Og -g3 -Wall -fmessage-length=0 -ffunction-sections -c -fmessage-length=0 -MMD -MP -MF"Src/main.d" -MT"Src/main.o" -o "Src/main.o" "../Src/main.c"
../Src/main.c: In function 'main':
../Src/main.c:114:11: warning: unused variable 'spiBuff' [-Wunused-variable]
   uint8_t spiBuff[5] ="123";
           ^
../Src/main.c:112:8: warning: unused variable 'buff2' [-Wunused-variable]
   char buff2[50] = "write 0x1234";
        ^
../Src/main.c:84:11: warning: variable 'Data' set but not used [-Wunused-but-set-variable]
  uint64_t Data = 1;
           ^
../Src/main.c:83:11: warning: unused variable 'type_Program' [-Wunused-variable]
  uint32_t type_Program = 1; // last page of starting address
           ^
../Src/main.c:82:11: warning: variable 'Address' set but not used [-Wunused-but-set-variable]
  uint32_t Address;//writing address
           ^
Finished building: ../Src/main.c
 
Building target: MiniProject.elf
Invoking: MCU GCC Linker
arm-none-eabi-gcc -mcpu=cortex-m3 -mthumb -mfloat-abi=soft -specs=nosys.specs -specs=nano.specs -T"../STM32F103C8Tx_FLASH.ld" -Wl,-Map=output.map -Wl,--gc-sections -o "MiniProject.elf" @"objects.list"   -lm
Finished building target: MiniProject.elf
 
make --no-print-directory post-build
Generating binary and Printing size information:
arm-none-eabi-objcopy -O binary "MiniProject.elf" "MiniProject.bin"
arm-none-eabi-size "MiniProject.elf"
   text	   data	    bss	    dec	    hex	filename
  10160	    476	   1740	  12376	   3058	MiniProject.elf
 
14:52:35 **** Incremental Build of configuration Debug for project tcb ****
make all 
make: Nothing to be done for `all'.
14:52:50 **** Incremental Build of configuration Debug for project MiniProject ****
make all 
make: Nothing to be done for `all'.
14:54:14 **** Incremental Build of configuration Debug for project MiniProject ****
make all 
make: Nothing to be done for `all'.
14:54:52 **** Incremental Build of configuration Debug for project Interrupt ****
make all 
make: Nothing to be done for `all'.
14:54:54 **** Incremental Build of configuration Debug for project MiniProject ****
make all 
make: Nothing to be done for `all'.
14:54:55 **** Incremental Build of configuration Debug for project tcb ****
make all 
make: Nothing to be done for `all'.
14:55:53 **** Incremental Build of configuration Debug for project MiniProject ****
make all 
make: Nothing to be done for `all'.
14:58:03 **** Incremental Build of configuration Debug for project Interrupt ****
make all 
make: Nothing to be done for `all'.
14:58:05 **** Incremental Build of configuration Debug for project MiniProject ****
make all 
Building file: ../Src/main.c
Invoking: MCU GCC Compiler
C:\Users\liewe\Desktop\Command_Line_Interface\MiniProject\Debug
arm-none-eabi-gcc -mcpu=cortex-m3 -mthumb -mfloat-abi=soft '-D__weak=__attribute__((weak))' '-D__packed=__attribute__((__packed__))' -DUSE_HAL_DRIVER -DSTM32F103xB -I"C:/Users/liewe/Desktop/Command_Line_Interface/MiniProject/Inc" -I"C:/Users/liewe/Desktop/Command_Line_Interface/MiniProject/Drivers/STM32F1xx_HAL_Driver/Inc" -I"C:/Users/liewe/Desktop/Command_Line_Interface/MiniProject/Drivers/STM32F1xx_HAL_Driver/Inc/Legacy" -I"C:/Users/liewe/Desktop/Command_Line_Interface/MiniProject/Drivers/CMSIS/Device/ST/STM32F1xx/Include" -I"C:/Users/liewe/Desktop/Command_Line_Interface/MiniProject/Drivers/CMSIS/Include" -I"C:/Users/liewe/Desktop/Command_Line_Interface/MiniProject/Inc"  -Og -g3 -Wall -fmessage-length=0 -ffunction-sections -c -fmessage-length=0 -MMD -MP -MF"Src/main.d" -MT"Src/main.o" -o "Src/main.o" "../Src/main.c"
../Src/main.c: In function 'main':
../Src/main.c:114:11: warning: unused variable 'spiBuff' [-Wunused-variable]
   uint8_t spiBuff[5] ="123";
           ^
../Src/main.c:112:8: warning: unused variable 'buff2' [-Wunused-variable]
   char buff2[50] = "write 0x1234";
        ^
../Src/main.c:84:11: warning: variable 'Data' set but not used [-Wunused-but-set-variable]
  uint64_t Data = 1;
           ^
../Src/main.c:83:11: warning: unused variable 'type_Program' [-Wunused-variable]
  uint32_t type_Program = 1; // last page of starting address
           ^
../Src/main.c:82:11: warning: variable 'Address' set but not used [-Wunused-but-set-variable]
  uint32_t Address;//writing address
           ^
Finished building: ../Src/main.c
 
Building target: MiniProject.elf
Invoking: MCU GCC Linker
arm-none-eabi-gcc -mcpu=cortex-m3 -mthumb -mfloat-abi=soft -specs=nosys.specs -specs=nano.specs -T"../STM32F103C8Tx_FLASH.ld" -Wl,-Map=output.map -Wl,--gc-sections -o "MiniProject.elf" @"objects.list"   -lm
Finished building target: MiniProject.elf
 
make --no-print-directory post-build
Generating binary and Printing size information:
arm-none-eabi-objcopy -O binary "MiniProject.elf" "MiniProject.bin"
arm-none-eabi-size "MiniProject.elf"
   text	   data	    bss	    dec	    hex	filename
  10160	    476	   1740	  12376	   3058	MiniProject.elf
 
14:58:09 **** Incremental Build of configuration Debug for project tcb ****
make all 
make: Nothing to be done for `all'.
14:58:22 **** Incremental Build of configuration Debug for project MiniProject ****
make all 
make: Nothing to be done for `all'.
15:05:00 **** Incremental Build of configuration Debug for project Interrupt ****
make all 
make: Nothing to be done for `all'.
15:05:02 **** Incremental Build of configuration Debug for project MiniProject ****
make all 
make: Nothing to be done for `all'.
15:05:04 **** Incremental Build of configuration Debug for project tcb ****
make all 
make: Nothing to be done for `all'.
15:05:38 **** Incremental Build of configuration Debug for project Interrupt ****
make all 
make: Nothing to be done for `all'.
15:05:40 **** Incremental Build of configuration Debug for project MiniProject ****
make all 
make: Nothing to be done for `all'.
15:05:42 **** Incremental Build of configuration Debug for project tcb ****
make all 
make: Nothing to be done for `all'.
15:05:46 **** Incremental Build of configuration Debug for project MiniProject ****
make all 
make: Nothing to be done for `all'.
15:11:22 **** Incremental Build of configuration Debug for project Interrupt ****
make all 
make: Nothing to be done for `all'.
15:11:24 **** Incremental Build of configuration Debug for project MiniProject ****
make all 
make: Nothing to be done for `all'.
15:11:25 **** Incremental Build of configuration Debug for project tcb ****
make all 
make: Nothing to be done for `all'.
15:11:53 **** Incremental Build of configuration Debug for project MiniProject ****
make all 
make: Nothing to be done for `all'.
15:14:54 **** Incremental Build of configuration Debug for project Interrupt ****
make all 
make: Nothing to be done for `all'.
15:14:56 **** Incremental Build of configuration Debug for project MiniProject ****
make all 
make: Nothing to be done for `all'.
15:14:58 **** Incremental Build of configuration Debug for project tcb ****
make all 
make: Nothing to be done for `all'.
15:15:10 **** Incremental Build of configuration Debug for project MiniProject ****
make all 
make: Nothing to be done for `all'.
16:32:14 **** Incremental Build of configuration Debug for project Interrupt ****
make all 
make: Nothing to be done for `all'.
16:32:15 **** Incremental Build of configuration Debug for project MiniProject ****
make all 
make: Nothing to be done for `all'.
16:32:16 **** Incremental Build of configuration Debug for project tcb ****
make all 
make: Nothing to be done for `all'.
16:32:19 **** Incremental Build of configuration Debug for project MiniProject ****
make all 
make: Nothing to be done for `all'.
16:34:45 **** Incremental Build of configuration Debug for project MiniProject ****
make all 
make: Nothing to be done for `all'.
16:40:42 **** Incremental Build of configuration Debug for project Interrupt ****
make all 
make: Nothing to be done for `all'.
16:40:45 **** Incremental Build of configuration Debug for project MiniProject ****
make all 
make: Nothing to be done for `all'.
16:40:47 **** Incremental Build of configuration Debug for project tcb ****
make all 
make: Nothing to be done for `all'.
16:41:05 **** Incremental Build of configuration Debug for project MiniProject ****
make all 
make: Nothing to be done for `all'.
16:42:15 **** Incremental Build of configuration Debug for project MiniProject ****
make all 
make: Nothing to be done for `all'.
17:02:04 **** Incremental Build of configuration Debug for project MiniProject ****
make all 
make: Nothing to be done for `all'.
17:03:17 **** Incremental Build of configuration Debug for project MiniProject ****
make all 
make: Nothing to be done for `all'.
17:06:17 **** Incremental Build of configuration Debug for project MiniProject ****
make all 
make: Nothing to be done for `all'.
18:01:41 **** Incremental Build of configuration Debug for project Interrupt ****
make all 
make: Nothing to be done for `all'.
18:01:44 **** Incremental Build of configuration Debug for project MiniProject ****
make all 
Building file: ../Src/main.c
Invoking: MCU GCC Compiler
C:\Users\liewe\Desktop\Command_Line_Interface\MiniProject\Debug
arm-none-eabi-gcc -mcpu=cortex-m3 -mthumb -mfloat-abi=soft '-D__weak=__attribute__((weak))' '-D__packed=__attribute__((__packed__))' -DUSE_HAL_DRIVER -DSTM32F103xB -I"C:/Users/liewe/Desktop/Command_Line_Interface/MiniProject/Inc" -I"C:/Users/liewe/Desktop/Command_Line_Interface/MiniProject/Drivers/STM32F1xx_HAL_Driver/Inc" -I"C:/Users/liewe/Desktop/Command_Line_Interface/MiniProject/Drivers/STM32F1xx_HAL_Driver/Inc/Legacy" -I"C:/Users/liewe/Desktop/Command_Line_Interface/MiniProject/Drivers/CMSIS/Device/ST/STM32F1xx/Include" -I"C:/Users/liewe/Desktop/Command_Line_Interface/MiniProject/Drivers/CMSIS/Include" -I"C:/Users/liewe/Desktop/Command_Line_Interface/MiniProject/Inc"  -Og -g3 -Wall -fmessage-length=0 -ffunction-sections -c -fmessage-length=0 -MMD -MP -MF"Src/main.d" -MT"Src/main.o" -o "Src/main.o" "../Src/main.c"
../Src/main.c:81:1: warning: return type defaults to 'int' [-Wimplicit-int]
 HAL_UART_RxCpltCallback(UART_HandleTypeDef *huart)
 ^
../Src/main.c:81:1: warning: conflicting types for 'HAL_UART_RxCpltCallback'
In file included from C:/Users/liewe/Desktop/Command_Line_Interface/MiniProject/Inc/stm32f1xx_hal_conf.h:301:0,
                 from C:/Users/liewe/Desktop/Command_Line_Interface/MiniProject/Drivers/STM32F1xx_HAL_Driver/Inc/stm32f1xx_hal.h:48,
                 from ../Src/main.c:40:
C:/Users/liewe/Desktop/Command_Line_Interface/MiniProject/Drivers/STM32F1xx_HAL_Driver/Inc/stm32f1xx_hal_uart.h:698:6: note: previous declaration of 'HAL_UART_RxCpltCallback' was here
 void HAL_UART_RxCpltCallback(UART_HandleTypeDef *huart);
      ^
../Src/main.c: In function 'HAL_UART_RxCpltCallback':
../Src/main.c:87:5: warning: implicit declaration of function 'print' [-Wimplicit-function-declaration]
     print(&rxBuffer); // Echo the character that caused this callback so the user can see what they are typing
     ^
../Src/main.c:98:9: warning: implicit declaration of function 'executeSerialCommand' [-Wimplicit-function-declaration]
         executeSerialCommand(rxString);
         ^
../Src/main.c: In function 'main':
../Src/main.c:173:15: error: 'buff' undeclared (first use in this function)
   if( strcmp( buff, "on" ) == 0 )
               ^
../Src/main.c:173:15: note: each undeclared identifier is reported only once for each function it appears in
../Src/main.c:127:11: warning: unused variable 'val' [-Wunused-variable]
  long int val = 0;
           ^
../Src/main.c:125:11: warning: variable 'Data' set but not used [-Wunused-but-set-variable]
  uint64_t Data = 1;
           ^
../Src/main.c:124:11: warning: unused variable 'type_Program' [-Wunused-variable]
  uint32_t type_Program = 1; // last page of starting address
           ^
../Src/main.c:123:11: warning: variable 'Address' set but not used [-Wunused-but-set-variable]
  uint32_t Address;//writing address
           ^
make: *** [Src/main.o] Error 1
18:01:54 **** Incremental Build of configuration Debug for project tcb ****
make all 
make: Nothing to be done for `all'.
18:02:18 **** Incremental Build of configuration Debug for project Interrupt ****
make all 
make: Nothing to be done for `all'.
18:02:20 **** Incremental Build of configuration Debug for project MiniProject ****
make all 
Building file: ../Src/main.c
Invoking: MCU GCC Compiler
C:\Users\liewe\Desktop\Command_Line_Interface\MiniProject\Debug
arm-none-eabi-gcc -mcpu=cortex-m3 -mthumb -mfloat-abi=soft '-D__weak=__attribute__((weak))' '-D__packed=__attribute__((__packed__))' -DUSE_HAL_DRIVER -DSTM32F103xB -I"C:/Users/liewe/Desktop/Command_Line_Interface/MiniProject/Inc" -I"C:/Users/liewe/Desktop/Command_Line_Interface/MiniProject/Drivers/STM32F1xx_HAL_Driver/Inc" -I"C:/Users/liewe/Desktop/Command_Line_Interface/MiniProject/Drivers/STM32F1xx_HAL_Driver/Inc/Legacy" -I"C:/Users/liewe/Desktop/Command_Line_Interface/MiniProject/Drivers/CMSIS/Device/ST/STM32F1xx/Include" -I"C:/Users/liewe/Desktop/Command_Line_Interface/MiniProject/Drivers/CMSIS/Include" -I"C:/Users/liewe/Desktop/Command_Line_Interface/MiniProject/Inc"  -Og -g3 -Wall -fmessage-length=0 -ffunction-sections -c -fmessage-length=0 -MMD -MP -MF"Src/main.d" -MT"Src/main.o" -o "Src/main.o" "../Src/main.c"
../Src/main.c:81:1: warning: return type defaults to 'int' [-Wimplicit-int]
 HAL_UART_RxCpltCallback(UART_HandleTypeDef *huart)
 ^
../Src/main.c:81:1: warning: conflicting types for 'HAL_UART_RxCpltCallback'
In file included from C:/Users/liewe/Desktop/Command_Line_Interface/MiniProject/Inc/stm32f1xx_hal_conf.h:301:0,
                 from C:/Users/liewe/Desktop/Command_Line_Interface/MiniProject/Drivers/STM32F1xx_HAL_Driver/Inc/stm32f1xx_hal.h:48,
                 from ../Src/main.c:40:
C:/Users/liewe/Desktop/Command_Line_Interface/MiniProject/Drivers/STM32F1xx_HAL_Driver/Inc/stm32f1xx_hal_uart.h:698:6: note: previous declaration of 'HAL_UART_RxCpltCallback' was here
 void HAL_UART_RxCpltCallback(UART_HandleTypeDef *huart);
      ^
../Src/main.c: In function 'HAL_UART_RxCpltCallback':
../Src/main.c:87:5: warning: implicit declaration of function 'print' [-Wimplicit-function-declaration]
     print(&rxBuffer); // Echo the character that caused this callback so the user can see what they are typing
     ^
../Src/main.c:98:9: warning: implicit declaration of function 'executeSerialCommand' [-Wimplicit-function-declaration]
         executeSerialCommand(rxString);
         ^
../Src/main.c: In function 'main':
../Src/main.c:127:11: warning: unused variable 'val' [-Wunused-variable]
  long int val = 0;
           ^
../Src/main.c:125:11: warning: variable 'Data' set but not used [-Wunused-but-set-variable]
  uint64_t Data = 1;
           ^
../Src/main.c:124:11: warning: unused variable 'type_Program' [-Wunused-variable]
  uint32_t type_Program = 1; // last page of starting address
           ^
../Src/main.c:123:11: warning: variable 'Address' set but not used [-Wunused-but-set-variable]
  uint32_t Address;//writing address
           ^
Finished building: ../Src/main.c
 
Building file: ../Src/stm32f1xx_hal_msp.c
Invoking: MCU GCC Compiler
C:\Users\liewe\Desktop\Command_Line_Interface\MiniProject\Debug
arm-none-eabi-gcc -mcpu=cortex-m3 -mthumb -mfloat-abi=soft '-D__weak=__attribute__((weak))' '-D__packed=__attribute__((__packed__))' -DUSE_HAL_DRIVER -DSTM32F103xB -I"C:/Users/liewe/Desktop/Command_Line_Interface/MiniProject/Inc" -I"C:/Users/liewe/Desktop/Command_Line_Interface/MiniProject/Drivers/STM32F1xx_HAL_Driver/Inc" -I"C:/Users/liewe/Desktop/Command_Line_Interface/MiniProject/Drivers/STM32F1xx_HAL_Driver/Inc/Legacy" -I"C:/Users/liewe/Desktop/Command_Line_Interface/MiniProject/Drivers/CMSIS/Device/ST/STM32F1xx/Include" -I"C:/Users/liewe/Desktop/Command_Line_Interface/MiniProject/Drivers/CMSIS/Include" -I"C:/Users/liewe/Desktop/Command_Line_Interface/MiniProject/Inc"  -Og -g3 -Wall -fmessage-length=0 -ffunction-sections -c -fmessage-length=0 -MMD -MP -MF"Src/stm32f1xx_hal_msp.d" -MT"Src/stm32f1xx_hal_msp.o" -o "Src/stm32f1xx_hal_msp.o" "../Src/stm32f1xx_hal_msp.c"
Finished building: ../Src/stm32f1xx_hal_msp.c
 
Building file: ../Src/stm32f1xx_it.c
Invoking: MCU GCC Compiler
C:\Users\liewe\Desktop\Command_Line_Interface\MiniProject\Debug
arm-none-eabi-gcc -mcpu=cortex-m3 -mthumb -mfloat-abi=soft '-D__weak=__attribute__((weak))' '-D__packed=__attribute__((__packed__))' -DUSE_HAL_DRIVER -DSTM32F103xB -I"C:/Users/liewe/Desktop/Command_Line_Interface/MiniProject/Inc" -I"C:/Users/liewe/Desktop/Command_Line_Interface/MiniProject/Drivers/STM32F1xx_HAL_Driver/Inc" -I"C:/Users/liewe/Desktop/Command_Line_Interface/MiniProject/Drivers/STM32F1xx_HAL_Driver/Inc/Legacy" -I"C:/Users/liewe/Desktop/Command_Line_Interface/MiniProject/Drivers/CMSIS/Device/ST/STM32F1xx/Include" -I"C:/Users/liewe/Desktop/Command_Line_Interface/MiniProject/Drivers/CMSIS/Include" -I"C:/Users/liewe/Desktop/Command_Line_Interface/MiniProject/Inc"  -Og -g3 -Wall -fmessage-length=0 -ffunction-sections -c -fmessage-length=0 -MMD -MP -MF"Src/stm32f1xx_it.d" -MT"Src/stm32f1xx_it.o" -o "Src/stm32f1xx_it.o" "../Src/stm32f1xx_it.c"
Finished building: ../Src/stm32f1xx_it.c
 
Building file: ../Src/system_stm32f1xx.c
Invoking: MCU GCC Compiler
C:\Users\liewe\Desktop\Command_Line_Interface\MiniProject\Debug
arm-none-eabi-gcc -mcpu=cortex-m3 -mthumb -mfloat-abi=soft '-D__weak=__attribute__((weak))' '-D__packed=__attribute__((__packed__))' -DUSE_HAL_DRIVER -DSTM32F103xB -I"C:/Users/liewe/Desktop/Command_Line_Interface/MiniProject/Inc" -I"C:/Users/liewe/Desktop/Command_Line_Interface/MiniProject/Drivers/STM32F1xx_HAL_Driver/Inc" -I"C:/Users/liewe/Desktop/Command_Line_Interface/MiniProject/Drivers/STM32F1xx_HAL_Driver/Inc/Legacy" -I"C:/Users/liewe/Desktop/Command_Line_Interface/MiniProject/Drivers/CMSIS/Device/ST/STM32F1xx/Include" -I"C:/Users/liewe/Desktop/Command_Line_Interface/MiniProject/Drivers/CMSIS/Include" -I"C:/Users/liewe/Desktop/Command_Line_Interface/MiniProject/Inc"  -Og -g3 -Wall -fmessage-length=0 -ffunction-sections -c -fmessage-length=0 -MMD -MP -MF"Src/system_stm32f1xx.d" -MT"Src/system_stm32f1xx.o" -o "Src/system_stm32f1xx.o" "../Src/system_stm32f1xx.c"
Finished building: ../Src/system_stm32f1xx.c
 
Building file: ../Drivers/STM32F1xx_HAL_Driver/Src/stm32f1xx_hal.c
Invoking: MCU GCC Compiler
C:\Users\liewe\Desktop\Command_Line_Interface\MiniProject\Debug
arm-none-eabi-gcc -mcpu=cortex-m3 -mthumb -mfloat-abi=soft '-D__weak=__attribute__((weak))' '-D__packed=__attribute__((__packed__))' -DUSE_HAL_DRIVER -DSTM32F103xB -I"C:/Users/liewe/Desktop/Command_Line_Interface/MiniProject/Inc" -I"C:/Users/liewe/Desktop/Command_Line_Interface/MiniProject/Drivers/STM32F1xx_HAL_Driver/Inc" -I"C:/Users/liewe/Desktop/Command_Line_Interface/MiniProject/Drivers/STM32F1xx_HAL_Driver/Inc/Legacy" -I"C:/Users/liewe/Desktop/Command_Line_Interface/MiniProject/Drivers/CMSIS/Device/ST/STM32F1xx/Include" -I"C:/Users/liewe/Desktop/Command_Line_Interface/MiniProject/Drivers/CMSIS/Include" -I"C:/Users/liewe/Desktop/Command_Line_Interface/MiniProject/Inc"  -Og -g3 -Wall -fmessage-length=0 -ffunction-sections -c -fmessage-length=0 -MMD -MP -MF"Drivers/STM32F1xx_HAL_Driver/Src/stm32f1xx_hal.d" -MT"Drivers/STM32F1xx_HAL_Driver/Src/stm32f1xx_hal.o" -o "Drivers/STM32F1xx_HAL_Driver/Src/stm32f1xx_hal.o" "../Drivers/STM32F1xx_HAL_Driver/Src/stm32f1xx_hal.c"
Finished building: ../Drivers/STM32F1xx_HAL_Driver/Src/stm32f1xx_hal.c
 
Building file: ../Drivers/STM32F1xx_HAL_Driver/Src/stm32f1xx_hal_cortex.c
Invoking: MCU GCC Compiler
C:\Users\liewe\Desktop\Command_Line_Interface\MiniProject\Debug
arm-none-eabi-gcc -mcpu=cortex-m3 -mthumb -mfloat-abi=soft '-D__weak=__attribute__((weak))' '-D__packed=__attribute__((__packed__))' -DUSE_HAL_DRIVER -DSTM32F103xB -I"C:/Users/liewe/Desktop/Command_Line_Interface/MiniProject/Inc" -I"C:/Users/liewe/Desktop/Command_Line_Interface/MiniProject/Drivers/STM32F1xx_HAL_Driver/Inc" -I"C:/Users/liewe/Desktop/Command_Line_Interface/MiniProject/Drivers/STM32F1xx_HAL_Driver/Inc/Legacy" -I"C:/Users/liewe/Desktop/Command_Line_Interface/MiniProject/Drivers/CMSIS/Device/ST/STM32F1xx/Include" -I"C:/Users/liewe/Desktop/Command_Line_Interface/MiniProject/Drivers/CMSIS/Include" -I"C:/Users/liewe/Desktop/Command_Line_Interface/MiniProject/Inc"  -Og -g3 -Wall -fmessage-length=0 -ffunction-sections -c -fmessage-length=0 -MMD -MP -MF"Drivers/STM32F1xx_HAL_Driver/Src/stm32f1xx_hal_cortex.d" -MT"Drivers/STM32F1xx_HAL_Driver/Src/stm32f1xx_hal_cortex.o" -o "Drivers/STM32F1xx_HAL_Driver/Src/stm32f1xx_hal_cortex.o" "../Drivers/STM32F1xx_HAL_Driver/Src/stm32f1xx_hal_cortex.c"
Finished building: ../Drivers/STM32F1xx_HAL_Driver/Src/stm32f1xx_hal_cortex.c
 
Building file: ../Drivers/STM32F1xx_HAL_Driver/Src/stm32f1xx_hal_dma.c
Invoking: MCU GCC Compiler
C:\Users\liewe\Desktop\Command_Line_Interface\MiniProject\Debug
arm-none-eabi-gcc -mcpu=cortex-m3 -mthumb -mfloat-abi=soft '-D__weak=__attribute__((weak))' '-D__packed=__attribute__((__packed__))' -DUSE_HAL_DRIVER -DSTM32F103xB -I"C:/Users/liewe/Desktop/Command_Line_Interface/MiniProject/Inc" -I"C:/Users/liewe/Desktop/Command_Line_Interface/MiniProject/Drivers/STM32F1xx_HAL_Driver/Inc" -I"C:/Users/liewe/Desktop/Command_Line_Interface/MiniProject/Drivers/STM32F1xx_HAL_Driver/Inc/Legacy" -I"C:/Users/liewe/Desktop/Command_Line_Interface/MiniProject/Drivers/CMSIS/Device/ST/STM32F1xx/Include" -I"C:/Users/liewe/Desktop/Command_Line_Interface/MiniProject/Drivers/CMSIS/Include" -I"C:/Users/liewe/Desktop/Command_Line_Interface/MiniProject/Inc"  -Og -g3 -Wall -fmessage-length=0 -ffunction-sections -c -fmessage-length=0 -MMD -MP -MF"Drivers/STM32F1xx_HAL_Driver/Src/stm32f1xx_hal_dma.d" -MT"Drivers/STM32F1xx_HAL_Driver/Src/stm32f1xx_hal_dma.o" -o "Drivers/STM32F1xx_HAL_Driver/Src/stm32f1xx_hal_dma.o" "../Drivers/STM32F1xx_HAL_Driver/Src/stm32f1xx_hal_dma.c"
Finished building: ../Drivers/STM32F1xx_HAL_Driver/Src/stm32f1xx_hal_dma.c
 
Building file: ../Drivers/STM32F1xx_HAL_Driver/Src/stm32f1xx_hal_flash.c
Invoking: MCU GCC Compiler
C:\Users\liewe\Desktop\Command_Line_Interface\MiniProject\Debug
arm-none-eabi-gcc -mcpu=cortex-m3 -mthumb -mfloat-abi=soft '-D__weak=__attribute__((weak))' '-D__packed=__attribute__((__packed__))' -DUSE_HAL_DRIVER -DSTM32F103xB -I"C:/Users/liewe/Desktop/Command_Line_Interface/MiniProject/Inc" -I"C:/Users/liewe/Desktop/Command_Line_Interface/MiniProject/Drivers/STM32F1xx_HAL_Driver/Inc" -I"C:/Users/liewe/Desktop/Command_Line_Interface/MiniProject/Drivers/STM32F1xx_HAL_Driver/Inc/Legacy" -I"C:/Users/liewe/Desktop/Command_Line_Interface/MiniProject/Drivers/CMSIS/Device/ST/STM32F1xx/Include" -I"C:/Users/liewe/Desktop/Command_Line_Interface/MiniProject/Drivers/CMSIS/Include" -I"C:/Users/liewe/Desktop/Command_Line_Interface/MiniProject/Inc"  -Og -g3 -Wall -fmessage-length=0 -ffunction-sections -c -fmessage-length=0 -MMD -MP -MF"Drivers/STM32F1xx_HAL_Driver/Src/stm32f1xx_hal_flash.d" -MT"Drivers/STM32F1xx_HAL_Driver/Src/stm32f1xx_hal_flash.o" -o "Drivers/STM32F1xx_HAL_Driver/Src/stm32f1xx_hal_flash.o" "../Drivers/STM32F1xx_HAL_Driver/Src/stm32f1xx_hal_flash.c"
Finished building: ../Drivers/STM32F1xx_HAL_Driver/Src/stm32f1xx_hal_flash.c
 
Building file: ../Drivers/STM32F1xx_HAL_Driver/Src/stm32f1xx_hal_flash_ex.c
Invoking: MCU GCC Compiler
C:\Users\liewe\Desktop\Command_Line_Interface\MiniProject\Debug
arm-none-eabi-gcc -mcpu=cortex-m3 -mthumb -mfloat-abi=soft '-D__weak=__attribute__((weak))' '-D__packed=__attribute__((__packed__))' -DUSE_HAL_DRIVER -DSTM32F103xB -I"C:/Users/liewe/Desktop/Command_Line_Interface/MiniProject/Inc" -I"C:/Users/liewe/Desktop/Command_Line_Interface/MiniProject/Drivers/STM32F1xx_HAL_Driver/Inc" -I"C:/Users/liewe/Desktop/Command_Line_Interface/MiniProject/Drivers/STM32F1xx_HAL_Driver/Inc/Legacy" -I"C:/Users/liewe/Desktop/Command_Line_Interface/MiniProject/Drivers/CMSIS/Device/ST/STM32F1xx/Include" -I"C:/Users/liewe/Desktop/Command_Line_Interface/MiniProject/Drivers/CMSIS/Include" -I"C:/Users/liewe/Desktop/Command_Line_Interface/MiniProject/Inc"  -Og -g3 -Wall -fmessage-length=0 -ffunction-sections -c -fmessage-length=0 -MMD -MP -MF"Drivers/STM32F1xx_HAL_Driver/Src/stm32f1xx_hal_flash_ex.d" -MT"Drivers/STM32F1xx_HAL_Driver/Src/stm32f1xx_hal_flash_ex.o" -o "Drivers/STM32F1xx_HAL_Driver/Src/stm32f1xx_hal_flash_ex.o" "../Drivers/STM32F1xx_HAL_Driver/Src/stm32f1xx_hal_flash_ex.c"
Finished building: ../Drivers/STM32F1xx_HAL_Driver/Src/stm32f1xx_hal_flash_ex.c
 
Building file: ../Drivers/STM32F1xx_HAL_Driver/Src/stm32f1xx_hal_gpio.c
Invoking: MCU GCC Compiler
C:\Users\liewe\Desktop\Command_Line_Interface\MiniProject\Debug
arm-none-eabi-gcc -mcpu=cortex-m3 -mthumb -mfloat-abi=soft '-D__weak=__attribute__((weak))' '-D__packed=__attribute__((__packed__))' -DUSE_HAL_DRIVER -DSTM32F103xB -I"C:/Users/liewe/Desktop/Command_Line_Interface/MiniProject/Inc" -I"C:/Users/liewe/Desktop/Command_Line_Interface/MiniProject/Drivers/STM32F1xx_HAL_Driver/Inc" -I"C:/Users/liewe/Desktop/Command_Line_Interface/MiniProject/Drivers/STM32F1xx_HAL_Driver/Inc/Legacy" -I"C:/Users/liewe/Desktop/Command_Line_Interface/MiniProject/Drivers/CMSIS/Device/ST/STM32F1xx/Include" -I"C:/Users/liewe/Desktop/Command_Line_Interface/MiniProject/Drivers/CMSIS/Include" -I"C:/Users/liewe/Desktop/Command_Line_Interface/MiniProject/Inc"  -Og -g3 -Wall -fmessage-length=0 -ffunction-sections -c -fmessage-length=0 -MMD -MP -MF"Drivers/STM32F1xx_HAL_Driver/Src/stm32f1xx_hal_gpio.d" -MT"Drivers/STM32F1xx_HAL_Driver/Src/stm32f1xx_hal_gpio.o" -o "Drivers/STM32F1xx_HAL_Driver/Src/stm32f1xx_hal_gpio.o" "../Drivers/STM32F1xx_HAL_Driver/Src/stm32f1xx_hal_gpio.c"
Finished building: ../Drivers/STM32F1xx_HAL_Driver/Src/stm32f1xx_hal_gpio.c
 
Building file: ../Drivers/STM32F1xx_HAL_Driver/Src/stm32f1xx_hal_gpio_ex.c
Invoking: MCU GCC Compiler
C:\Users\liewe\Desktop\Command_Line_Interface\MiniProject\Debug
arm-none-eabi-gcc -mcpu=cortex-m3 -mthumb -mfloat-abi=soft '-D__weak=__attribute__((weak))' '-D__packed=__attribute__((__packed__))' -DUSE_HAL_DRIVER -DSTM32F103xB -I"C:/Users/liewe/Desktop/Command_Line_Interface/MiniProject/Inc" -I"C:/Users/liewe/Desktop/Command_Line_Interface/MiniProject/Drivers/STM32F1xx_HAL_Driver/Inc" -I"C:/Users/liewe/Desktop/Command_Line_Interface/MiniProject/Drivers/STM32F1xx_HAL_Driver/Inc/Legacy" -I"C:/Users/liewe/Desktop/Command_Line_Interface/MiniProject/Drivers/CMSIS/Device/ST/STM32F1xx/Include" -I"C:/Users/liewe/Desktop/Command_Line_Interface/MiniProject/Drivers/CMSIS/Include" -I"C:/Users/liewe/Desktop/Command_Line_Interface/MiniProject/Inc"  -Og -g3 -Wall -fmessage-length=0 -ffunction-sections -c -fmessage-length=0 -MMD -MP -MF"Drivers/STM32F1xx_HAL_Driver/Src/stm32f1xx_hal_gpio_ex.d" -MT"Drivers/STM32F1xx_HAL_Driver/Src/stm32f1xx_hal_gpio_ex.o" -o "Drivers/STM32F1xx_HAL_Driver/Src/stm32f1xx_hal_gpio_ex.o" "../Drivers/STM32F1xx_HAL_Driver/Src/stm32f1xx_hal_gpio_ex.c"
Finished building: ../Drivers/STM32F1xx_HAL_Driver/Src/stm32f1xx_hal_gpio_ex.c
 
Building file: ../Drivers/STM32F1xx_HAL_Driver/Src/stm32f1xx_hal_pwr.c
Invoking: MCU GCC Compiler
C:\Users\liewe\Desktop\Command_Line_Interface\MiniProject\Debug
arm-none-eabi-gcc -mcpu=cortex-m3 -mthumb -mfloat-abi=soft '-D__weak=__attribute__((weak))' '-D__packed=__attribute__((__packed__))' -DUSE_HAL_DRIVER -DSTM32F103xB -I"C:/Users/liewe/Desktop/Command_Line_Interface/MiniProject/Inc" -I"C:/Users/liewe/Desktop/Command_Line_Interface/MiniProject/Drivers/STM32F1xx_HAL_Driver/Inc" -I"C:/Users/liewe/Desktop/Command_Line_Interface/MiniProject/Drivers/STM32F1xx_HAL_Driver/Inc/Legacy" -I"C:/Users/liewe/Desktop/Command_Line_Interface/MiniProject/Drivers/CMSIS/Device/ST/STM32F1xx/Include" -I"C:/Users/liewe/Desktop/Command_Line_Interface/MiniProject/Drivers/CMSIS/Include" -I"C:/Users/liewe/Desktop/Command_Line_Interface/MiniProject/Inc"  -Og -g3 -Wall -fmessage-length=0 -ffunction-sections -c -fmessage-length=0 -MMD -MP -MF"Drivers/STM32F1xx_HAL_Driver/Src/stm32f1xx_hal_pwr.d" -MT"Drivers/STM32F1xx_HAL_Driver/Src/stm32f1xx_hal_pwr.o" -o "Drivers/STM32F1xx_HAL_Driver/Src/stm32f1xx_hal_pwr.o" "../Drivers/STM32F1xx_HAL_Driver/Src/stm32f1xx_hal_pwr.c"
Finished building: ../Drivers/STM32F1xx_HAL_Driver/Src/stm32f1xx_hal_pwr.c
 
Building file: ../Drivers/STM32F1xx_HAL_Driver/Src/stm32f1xx_hal_rcc.c
Invoking: MCU GCC Compiler
C:\Users\liewe\Desktop\Command_Line_Interface\MiniProject\Debug
arm-none-eabi-gcc -mcpu=cortex-m3 -mthumb -mfloat-abi=soft '-D__weak=__attribute__((weak))' '-D__packed=__attribute__((__packed__))' -DUSE_HAL_DRIVER -DSTM32F103xB -I"C:/Users/liewe/Desktop/Command_Line_Interface/MiniProject/Inc" -I"C:/Users/liewe/Desktop/Command_Line_Interface/MiniProject/Drivers/STM32F1xx_HAL_Driver/Inc" -I"C:/Users/liewe/Desktop/Command_Line_Interface/MiniProject/Drivers/STM32F1xx_HAL_Driver/Inc/Legacy" -I"C:/Users/liewe/Desktop/Command_Line_Interface/MiniProject/Drivers/CMSIS/Device/ST/STM32F1xx/Include" -I"C:/Users/liewe/Desktop/Command_Line_Interface/MiniProject/Drivers/CMSIS/Include" -I"C:/Users/liewe/Desktop/Command_Line_Interface/MiniProject/Inc"  -Og -g3 -Wall -fmessage-length=0 -ffunction-sections -c -fmessage-length=0 -MMD -MP -MF"Drivers/STM32F1xx_HAL_Driver/Src/stm32f1xx_hal_rcc.d" -MT"Drivers/STM32F1xx_HAL_Driver/Src/stm32f1xx_hal_rcc.o" -o "Drivers/STM32F1xx_HAL_Driver/Src/stm32f1xx_hal_rcc.o" "../Drivers/STM32F1xx_HAL_Driver/Src/stm32f1xx_hal_rcc.c"
Finished building: ../Drivers/STM32F1xx_HAL_Driver/Src/stm32f1xx_hal_rcc.c
 
Building file: ../Drivers/STM32F1xx_HAL_Driver/Src/stm32f1xx_hal_rcc_ex.c
Invoking: MCU GCC Compiler
C:\Users\liewe\Desktop\Command_Line_Interface\MiniProject\Debug
arm-none-eabi-gcc -mcpu=cortex-m3 -mthumb -mfloat-abi=soft '-D__weak=__attribute__((weak))' '-D__packed=__attribute__((__packed__))' -DUSE_HAL_DRIVER -DSTM32F103xB -I"C:/Users/liewe/Desktop/Command_Line_Interface/MiniProject/Inc" -I"C:/Users/liewe/Desktop/Command_Line_Interface/MiniProject/Drivers/STM32F1xx_HAL_Driver/Inc" -I"C:/Users/liewe/Desktop/Command_Line_Interface/MiniProject/Drivers/STM32F1xx_HAL_Driver/Inc/Legacy" -I"C:/Users/liewe/Desktop/Command_Line_Interface/MiniProject/Drivers/CMSIS/Device/ST/STM32F1xx/Include" -I"C:/Users/liewe/Desktop/Command_Line_Interface/MiniProject/Drivers/CMSIS/Include" -I"C:/Users/liewe/Desktop/Command_Line_Interface/MiniProject/Inc"  -Og -g3 -Wall -fmessage-length=0 -ffunction-sections -c -fmessage-length=0 -MMD -MP -MF"Drivers/STM32F1xx_HAL_Driver/Src/stm32f1xx_hal_rcc_ex.d" -MT"Drivers/STM32F1xx_HAL_Driver/Src/stm32f1xx_hal_rcc_ex.o" -o "Drivers/STM32F1xx_HAL_Driver/Src/stm32f1xx_hal_rcc_ex.o" "../Drivers/STM32F1xx_HAL_Driver/Src/stm32f1xx_hal_rcc_ex.c"
Finished building: ../Drivers/STM32F1xx_HAL_Driver/Src/stm32f1xx_hal_rcc_ex.c
 
Building file: ../Drivers/STM32F1xx_HAL_Driver/Src/stm32f1xx_hal_spi.c
Invoking: MCU GCC Compiler
C:\Users\liewe\Desktop\Command_Line_Interface\MiniProject\Debug
arm-none-eabi-gcc -mcpu=cortex-m3 -mthumb -mfloat-abi=soft '-D__weak=__attribute__((weak))' '-D__packed=__attribute__((__packed__))' -DUSE_HAL_DRIVER -DSTM32F103xB -I"C:/Users/liewe/Desktop/Command_Line_Interface/MiniProject/Inc" -I"C:/Users/liewe/Desktop/Command_Line_Interface/MiniProject/Drivers/STM32F1xx_HAL_Driver/Inc" -I"C:/Users/liewe/Desktop/Command_Line_Interface/MiniProject/Drivers/STM32F1xx_HAL_Driver/Inc/Legacy" -I"C:/Users/liewe/Desktop/Command_Line_Interface/MiniProject/Drivers/CMSIS/Device/ST/STM32F1xx/Include" -I"C:/Users/liewe/Desktop/Command_Line_Interface/MiniProject/Drivers/CMSIS/Include" -I"C:/Users/liewe/Desktop/Command_Line_Interface/MiniProject/Inc"  -Og -g3 -Wall -fmessage-length=0 -ffunction-sections -c -fmessage-length=0 -MMD -MP -MF"Drivers/STM32F1xx_HAL_Driver/Src/stm32f1xx_hal_spi.d" -MT"Drivers/STM32F1xx_HAL_Driver/Src/stm32f1xx_hal_spi.o" -o "Drivers/STM32F1xx_HAL_Driver/Src/stm32f1xx_hal_spi.o" "../Drivers/STM32F1xx_HAL_Driver/Src/stm32f1xx_hal_spi.c"
Finished building: ../Drivers/STM32F1xx_HAL_Driver/Src/stm32f1xx_hal_spi.c
 
Building file: ../Drivers/STM32F1xx_HAL_Driver/Src/stm32f1xx_hal_spi_ex.c
Invoking: MCU GCC Compiler
C:\Users\liewe\Desktop\Command_Line_Interface\MiniProject\Debug
arm-none-eabi-gcc -mcpu=cortex-m3 -mthumb -mfloat-abi=soft '-D__weak=__attribute__((weak))' '-D__packed=__attribute__((__packed__))' -DUSE_HAL_DRIVER -DSTM32F103xB -I"C:/Users/liewe/Desktop/Command_Line_Interface/MiniProject/Inc" -I"C:/Users/liewe/Desktop/Command_Line_Interface/MiniProject/Drivers/STM32F1xx_HAL_Driver/Inc" -I"C:/Users/liewe/Desktop/Command_Line_Interface/MiniProject/Drivers/STM32F1xx_HAL_Driver/Inc/Legacy" -I"C:/Users/liewe/Desktop/Command_Line_Interface/MiniProject/Drivers/CMSIS/Device/ST/STM32F1xx/Include" -I"C:/Users/liewe/Desktop/Command_Line_Interface/MiniProject/Drivers/CMSIS/Include" -I"C:/Users/liewe/Desktop/Command_Line_Interface/MiniProject/Inc"  -Og -g3 -Wall -fmessage-length=0 -ffunction-sections -c -fmessage-length=0 -MMD -MP -MF"Drivers/STM32F1xx_HAL_Driver/Src/stm32f1xx_hal_spi_ex.d" -MT"Drivers/STM32F1xx_HAL_Driver/Src/stm32f1xx_hal_spi_ex.o" -o "Drivers/STM32F1xx_HAL_Driver/Src/stm32f1xx_hal_spi_ex.o" "../Drivers/STM32F1xx_HAL_Driver/Src/stm32f1xx_hal_spi_ex.c"
Finished building: ../Drivers/STM32F1xx_HAL_Driver/Src/stm32f1xx_hal_spi_ex.c
 
Building file: ../Drivers/STM32F1xx_HAL_Driver/Src/stm32f1xx_hal_tim.c
Invoking: MCU GCC Compiler
C:\Users\liewe\Desktop\Command_Line_Interface\MiniProject\Debug
arm-none-eabi-gcc -mcpu=cortex-m3 -mthumb -mfloat-abi=soft '-D__weak=__attribute__((weak))' '-D__packed=__attribute__((__packed__))' -DUSE_HAL_DRIVER -DSTM32F103xB -I"C:/Users/liewe/Desktop/Command_Line_Interface/MiniProject/Inc" -I"C:/Users/liewe/Desktop/Command_Line_Interface/MiniProject/Drivers/STM32F1xx_HAL_Driver/Inc" -I"C:/Users/liewe/Desktop/Command_Line_Interface/MiniProject/Drivers/STM32F1xx_HAL_Driver/Inc/Legacy" -I"C:/Users/liewe/Desktop/Command_Line_Interface/MiniProject/Drivers/CMSIS/Device/ST/STM32F1xx/Include" -I"C:/Users/liewe/Desktop/Command_Line_Interface/MiniProject/Drivers/CMSIS/Include" -I"C:/Users/liewe/Desktop/Command_Line_Interface/MiniProject/Inc"  -Og -g3 -Wall -fmessage-length=0 -ffunction-sections -c -fmessage-length=0 -MMD -MP -MF"Drivers/STM32F1xx_HAL_Driver/Src/stm32f1xx_hal_tim.d" -MT"Drivers/STM32F1xx_HAL_Driver/Src/stm32f1xx_hal_tim.o" -o "Drivers/STM32F1xx_HAL_Driver/Src/stm32f1xx_hal_tim.o" "../Drivers/STM32F1xx_HAL_Driver/Src/stm32f1xx_hal_tim.c"
Finished building: ../Drivers/STM32F1xx_HAL_Driver/Src/stm32f1xx_hal_tim.c
 
Building file: ../Drivers/STM32F1xx_HAL_Driver/Src/stm32f1xx_hal_tim_ex.c
Invoking: MCU GCC Compiler
C:\Users\liewe\Desktop\Command_Line_Interface\MiniProject\Debug
arm-none-eabi-gcc -mcpu=cortex-m3 -mthumb -mfloat-abi=soft '-D__weak=__attribute__((weak))' '-D__packed=__attribute__((__packed__))' -DUSE_HAL_DRIVER -DSTM32F103xB -I"C:/Users/liewe/Desktop/Command_Line_Interface/MiniProject/Inc" -I"C:/Users/liewe/Desktop/Command_Line_Interface/MiniProject/Drivers/STM32F1xx_HAL_Driver/Inc" -I"C:/Users/liewe/Desktop/Command_Line_Interface/MiniProject/Drivers/STM32F1xx_HAL_Driver/Inc/Legacy" -I"C:/Users/liewe/Desktop/Command_Line_Interface/MiniProject/Drivers/CMSIS/Device/ST/STM32F1xx/Include" -I"C:/Users/liewe/Desktop/Command_Line_Interface/MiniProject/Drivers/CMSIS/Include" -I"C:/Users/liewe/Desktop/Command_Line_Interface/MiniProject/Inc"  -Og -g3 -Wall -fmessage-length=0 -ffunction-sections -c -fmessage-length=0 -MMD -MP -MF"Drivers/STM32F1xx_HAL_Driver/Src/stm32f1xx_hal_tim_ex.d" -MT"Drivers/STM32F1xx_HAL_Driver/Src/stm32f1xx_hal_tim_ex.o" -o "Drivers/STM32F1xx_HAL_Driver/Src/stm32f1xx_hal_tim_ex.o" "../Drivers/STM32F1xx_HAL_Driver/Src/stm32f1xx_hal_tim_ex.c"
Finished building: ../Drivers/STM32F1xx_HAL_Driver/Src/stm32f1xx_hal_tim_ex.c
 
Building file: ../Drivers/STM32F1xx_HAL_Driver/Src/stm32f1xx_hal_uart.c
Invoking: MCU GCC Compiler
C:\Users\liewe\Desktop\Command_Line_Interface\MiniProject\Debug
arm-none-eabi-gcc -mcpu=cortex-m3 -mthumb -mfloat-abi=soft '-D__weak=__attribute__((weak))' '-D__packed=__attribute__((__packed__))' -DUSE_HAL_DRIVER -DSTM32F103xB -I"C:/Users/liewe/Desktop/Command_Line_Interface/MiniProject/Inc" -I"C:/Users/liewe/Desktop/Command_Line_Interface/MiniProject/Drivers/STM32F1xx_HAL_Driver/Inc" -I"C:/Users/liewe/Desktop/Command_Line_Interface/MiniProject/Drivers/STM32F1xx_HAL_Driver/Inc/Legacy" -I"C:/Users/liewe/Desktop/Command_Line_Interface/MiniProject/Drivers/CMSIS/Device/ST/STM32F1xx/Include" -I"C:/Users/liewe/Desktop/Command_Line_Interface/MiniProject/Drivers/CMSIS/Include" -I"C:/Users/liewe/Desktop/Command_Line_Interface/MiniProject/Inc"  -Og -g3 -Wall -fmessage-length=0 -ffunction-sections -c -fmessage-length=0 -MMD -MP -MF"Drivers/STM32F1xx_HAL_Driver/Src/stm32f1xx_hal_uart.d" -MT"Drivers/STM32F1xx_HAL_Driver/Src/stm32f1xx_hal_uart.o" -o "Drivers/STM32F1xx_HAL_Driver/Src/stm32f1xx_hal_uart.o" "../Drivers/STM32F1xx_HAL_Driver/Src/stm32f1xx_hal_uart.c"
Finished building: ../Drivers/STM32F1xx_HAL_Driver/Src/stm32f1xx_hal_uart.c
 
Building target: MiniProject.elf
Invoking: MCU GCC Linker
arm-none-eabi-gcc -mcpu=cortex-m3 -mthumb -mfloat-abi=soft -specs=nosys.specs -specs=nano.specs -T"../STM32F103C8Tx_FLASH.ld" -Wl,-Map=output.map -Wl,--gc-sections -o "MiniProject.elf" @"objects.list"   -lm
Src/main.o: In function `HAL_UART_RxCpltCallback':
C:\Users\liewe\Desktop\Command_Line_Interface\MiniProject\Debug/../Src/main.c:87: undefined reference to `print'
C:\Users\liewe\Desktop\Command_Line_Interface\MiniProject\Debug/../Src/main.c:91: undefined reference to `print'
C:\Users\liewe\Desktop\Command_Line_Interface\MiniProject\Debug/../Src/main.c:98: undefined reference to `executeSerialCommand'
C:\Users\liewe\Desktop\Command_Line_Interface\MiniProject\Debug/../Src/main.c:112: undefined reference to `print'
collect2.exe: error: ld returned 1 exit status
make: *** [MiniProject.elf] Error 1
18:02:54 **** Incremental Build of configuration Debug for project tcb ****
make all 
make: Nothing to be done for `all'.
18:04:08 **** Incremental Build of configuration Debug for project Interrupt ****
make all 
make: Nothing to be done for `all'.
18:04:10 **** Incremental Build of configuration Debug for project MiniProject ****
make all 
Building file: ../Src/main.c
Invoking: MCU GCC Compiler
C:\Users\liewe\Desktop\Command_Line_Interface\MiniProject\Debug
arm-none-eabi-gcc -mcpu=cortex-m3 -mthumb -mfloat-abi=soft '-D__weak=__attribute__((weak))' '-D__packed=__attribute__((__packed__))' -DUSE_HAL_DRIVER -DSTM32F103xB -I"C:/Users/liewe/Desktop/Command_Line_Interface/MiniProject/Inc" -I"C:/Users/liewe/Desktop/Command_Line_Interface/MiniProject/Drivers/STM32F1xx_HAL_Driver/Inc" -I"C:/Users/liewe/Desktop/Command_Line_Interface/MiniProject/Drivers/STM32F1xx_HAL_Driver/Inc/Legacy" -I"C:/Users/liewe/Desktop/Command_Line_Interface/MiniProject/Drivers/CMSIS/Device/ST/STM32F1xx/Include" -I"C:/Users/liewe/Desktop/Command_Line_Interface/MiniProject/Drivers/CMSIS/Include" -I"C:/Users/liewe/Desktop/Command_Line_Interface/MiniProject/Inc"  -Og -g3 -Wall -fmessage-length=0 -ffunction-sections -c -fmessage-length=0 -MMD -MP -MF"Src/main.d" -MT"Src/main.o" -o "Src/main.o" "../Src/main.c"
../Src/main.c:81:1: warning: return type defaults to 'int' [-Wimplicit-int]
 HAL_UART_RxCpltCallback(UART_HandleTypeDef *huart)
 ^
../Src/main.c:81:1: warning: conflicting types for 'HAL_UART_RxCpltCallback'
In file included from C:/Users/liewe/Desktop/Command_Line_Interface/MiniProject/Inc/stm32f1xx_hal_conf.h:301:0,
                 from C:/Users/liewe/Desktop/Command_Line_Interface/MiniProject/Drivers/STM32F1xx_HAL_Driver/Inc/stm32f1xx_hal.h:48,
                 from ../Src/main.c:40:
C:/Users/liewe/Desktop/Command_Line_Interface/MiniProject/Drivers/STM32F1xx_HAL_Driver/Inc/stm32f1xx_hal_uart.h:698:6: note: previous declaration of 'HAL_UART_RxCpltCallback' was here
 void HAL_UART_RxCpltCallback(UART_HandleTypeDef *huart);
      ^
../Src/main.c: In function 'HAL_UART_RxCpltCallback':
../Src/main.c:98:16: warning: passing argument 1 of 'getNumber' from incompatible pointer type [-Wincompatible-pointer-types]
      getNumber(rxString);
                ^
In file included from ../Src/main.c:44:0:
../Src/strtonum.h:11:5: note: expected 'char **' but argument is of type 'uint8_t * {aka unsigned char *}'
 int getNumber(char  **str);
     ^
../Src/main.c: In function 'main':
../Src/main.c:127:11: warning: unused variable 'val' [-Wunused-variable]
  long int val = 0;
           ^
../Src/main.c:125:11: warning: variable 'Data' set but not used [-Wunused-but-set-variable]
  uint64_t Data = 1;
           ^
../Src/main.c:124:11: warning: unused variable 'type_Program' [-Wunused-variable]
  uint32_t type_Program = 1; // last page of starting address
           ^
../Src/main.c:123:11: warning: variable 'Address' set but not used [-Wunused-but-set-variable]
  uint32_t Address;//writing address
           ^
Finished building: ../Src/main.c
 
Building target: MiniProject.elf
Invoking: MCU GCC Linker
arm-none-eabi-gcc -mcpu=cortex-m3 -mthumb -mfloat-abi=soft -specs=nosys.specs -specs=nano.specs -T"../STM32F103C8Tx_FLASH.ld" -Wl,-Map=output.map -Wl,--gc-sections -o "MiniProject.elf" @"objects.list"   -lm
Finished building target: MiniProject.elf
 
make --no-print-directory post-build
Generating binary and Printing size information:
arm-none-eabi-objcopy -O binary "MiniProject.elf" "MiniProject.bin"
arm-none-eabi-size "MiniProject.elf"
   text	   data	    bss	    dec	    hex	filename
  11300	    476	   1908	  13684	   3574	MiniProject.elf
 
18:04:15 **** Incremental Build of configuration Debug for project tcb ****
make all 
make: Nothing to be done for `all'.
18:05:29 **** Incremental Build of configuration Debug for project Interrupt ****
make all 
make: Nothing to be done for `all'.
18:05:31 **** Incremental Build of configuration Debug for project MiniProject ****
make all 
Building file: ../Src/main.c
Invoking: MCU GCC Compiler
C:\Users\liewe\Desktop\Command_Line_Interface\MiniProject\Debug
arm-none-eabi-gcc -mcpu=cortex-m3 -mthumb -mfloat-abi=soft '-D__weak=__attribute__((weak))' '-D__packed=__attribute__((__packed__))' -DUSE_HAL_DRIVER -DSTM32F103xB -I"C:/Users/liewe/Desktop/Command_Line_Interface/MiniProject/Inc" -I"C:/Users/liewe/Desktop/Command_Line_Interface/MiniProject/Drivers/STM32F1xx_HAL_Driver/Inc" -I"C:/Users/liewe/Desktop/Command_Line_Interface/MiniProject/Drivers/STM32F1xx_HAL_Driver/Inc/Legacy" -I"C:/Users/liewe/Desktop/Command_Line_Interface/MiniProject/Drivers/CMSIS/Device/ST/STM32F1xx/Include" -I"C:/Users/liewe/Desktop/Command_Line_Interface/MiniProject/Drivers/CMSIS/Include" -I"C:/Users/liewe/Desktop/Command_Line_Interface/MiniProject/Inc"  -Og -g3 -Wall -fmessage-length=0 -ffunction-sections -c -fmessage-length=0 -MMD -MP -MF"Src/main.d" -MT"Src/main.o" -o "Src/main.o" "../Src/main.c"
../Src/main.c:81:1: warning: return type defaults to 'int' [-Wimplicit-int]
 HAL_UART_RxCpltCallback(UART_HandleTypeDef *huart)
 ^
../Src/main.c:81:1: warning: conflicting types for 'HAL_UART_RxCpltCallback'
In file included from C:/Users/liewe/Desktop/Command_Line_Interface/MiniProject/Inc/stm32f1xx_hal_conf.h:301:0,
                 from C:/Users/liewe/Desktop/Command_Line_Interface/MiniProject/Drivers/STM32F1xx_HAL_Driver/Inc/stm32f1xx_hal.h:48,
                 from ../Src/main.c:40:
C:/Users/liewe/Desktop/Command_Line_Interface/MiniProject/Drivers/STM32F1xx_HAL_Driver/Inc/stm32f1xx_hal_uart.h:698:6: note: previous declaration of 'HAL_UART_RxCpltCallback' was here
 void HAL_UART_RxCpltCallback(UART_HandleTypeDef *huart);
      ^
../Src/main.c: In function 'main':
../Src/main.c:127:11: warning: unused variable 'val' [-Wunused-variable]
  long int val = 0;
           ^
../Src/main.c:125:11: warning: variable 'Data' set but not used [-Wunused-but-set-variable]
  uint64_t Data = 1;
           ^
../Src/main.c:124:11: warning: unused variable 'type_Program' [-Wunused-variable]
  uint32_t type_Program = 1; // last page of starting address
           ^
../Src/main.c:123:11: warning: variable 'Address' set but not used [-Wunused-but-set-variable]
  uint32_t Address;//writing address
           ^
Finished building: ../Src/main.c
 
Building target: MiniProject.elf
Invoking: MCU GCC Linker
arm-none-eabi-gcc -mcpu=cortex-m3 -mthumb -mfloat-abi=soft -specs=nosys.specs -specs=nano.specs -T"../STM32F103C8Tx_FLASH.ld" -Wl,-Map=output.map -Wl,--gc-sections -o "MiniProject.elf" @"objects.list"   -lm
Finished building target: MiniProject.elf
 
make --no-print-directory post-build
Generating binary and Printing size information:
arm-none-eabi-objcopy -O binary "MiniProject.elf" "MiniProject.bin"
arm-none-eabi-size "MiniProject.elf"
   text	   data	    bss	    dec	    hex	filename
   7204	     12	   1892	   9108	   2394	MiniProject.elf
 
18:05:37 **** Incremental Build of configuration Debug for project tcb ****
make all 
make: Nothing to be done for `all'.
18:06:02 **** Incremental Build of configuration Debug for project MiniProject ****
make all 
make: Nothing to be done for `all'.
18:18:22 **** Incremental Build of configuration Debug for project Interrupt ****
make all 
make: Nothing to be done for `all'.
18:18:25 **** Incremental Build of configuration Debug for project MiniProject ****
make all 
Building file: ../Src/main.c
Invoking: MCU GCC Compiler
C:\Users\liewe\Desktop\Command_Line_Interface\MiniProject\Debug
arm-none-eabi-gcc -mcpu=cortex-m3 -mthumb -mfloat-abi=soft '-D__weak=__attribute__((weak))' '-D__packed=__attribute__((__packed__))' -DUSE_HAL_DRIVER -DSTM32F103xB -I"C:/Users/liewe/Desktop/Command_Line_Interface/MiniProject/Inc" -I"C:/Users/liewe/Desktop/Command_Line_Interface/MiniProject/Drivers/STM32F1xx_HAL_Driver/Inc" -I"C:/Users/liewe/Desktop/Command_Line_Interface/MiniProject/Drivers/STM32F1xx_HAL_Driver/Inc/Legacy" -I"C:/Users/liewe/Desktop/Command_Line_Interface/MiniProject/Drivers/CMSIS/Device/ST/STM32F1xx/Include" -I"C:/Users/liewe/Desktop/Command_Line_Interface/MiniProject/Drivers/CMSIS/Include" -I"C:/Users/liewe/Desktop/Command_Line_Interface/MiniProject/Inc"  -Og -g3 -Wall -fmessage-length=0 -ffunction-sections -c -fmessage-length=0 -MMD -MP -MF"Src/main.d" -MT"Src/main.o" -o "Src/main.o" "../Src/main.c"
../Src/main.c:79:1: warning: return type defaults to 'int' [-Wimplicit-int]
 HAL_UART_RxCpltCallback(UART_HandleTypeDef *huart)
 ^
../Src/main.c:79:1: warning: conflicting types for 'HAL_UART_RxCpltCallback'
In file included from C:/Users/liewe/Desktop/Command_Line_Interface/MiniProject/Inc/stm32f1xx_hal_conf.h:301:0,
                 from C:/Users/liewe/Desktop/Command_Line_Interface/MiniProject/Drivers/STM32F1xx_HAL_Driver/Inc/stm32f1xx_hal.h:48,
                 from ../Src/main.c:40:
C:/Users/liewe/Desktop/Command_Line_Interface/MiniProject/Drivers/STM32F1xx_HAL_Driver/Inc/stm32f1xx_hal_uart.h:698:6: note: previous declaration of 'HAL_UART_RxCpltCallback' was here
 void HAL_UART_RxCpltCallback(UART_HandleTypeDef *huart);
      ^
../Src/main.c: In function 'HAL_UART_RxCpltCallback':
../Src/main.c:82:9: warning: pointer targets in assignment differ in signedness [-Wpointer-sign]
  result = &rxString[0];
         ^
../Src/main.c: In function 'main':
../Src/main.c:127:11: warning: unused variable 'val' [-Wunused-variable]
  long int val = 0;
           ^
../Src/main.c:125:11: warning: variable 'Data' set but not used [-Wunused-but-set-variable]
  uint64_t Data = 1;
           ^
../Src/main.c:124:11: warning: unused variable 'type_Program' [-Wunused-variable]
  uint32_t type_Program = 1; // last page of starting address
           ^
../Src/main.c:123:11: warning: variable 'Address' set but not used [-Wunused-but-set-variable]
  uint32_t Address;//writing address
           ^
Finished building: ../Src/main.c
 
Building file: ../Src/stm32f1xx_hal_msp.c
Invoking: MCU GCC Compiler
C:\Users\liewe\Desktop\Command_Line_Interface\MiniProject\Debug
arm-none-eabi-gcc -mcpu=cortex-m3 -mthumb -mfloat-abi=soft '-D__weak=__attribute__((weak))' '-D__packed=__attribute__((__packed__))' -DUSE_HAL_DRIVER -DSTM32F103xB -I"C:/Users/liewe/Desktop/Command_Line_Interface/MiniProject/Inc" -I"C:/Users/liewe/Desktop/Command_Line_Interface/MiniProject/Drivers/STM32F1xx_HAL_Driver/Inc" -I"C:/Users/liewe/Desktop/Command_Line_Interface/MiniProject/Drivers/STM32F1xx_HAL_Driver/Inc/Legacy" -I"C:/Users/liewe/Desktop/Command_Line_Interface/MiniProject/Drivers/CMSIS/Device/ST/STM32F1xx/Include" -I"C:/Users/liewe/Desktop/Command_Line_Interface/MiniProject/Drivers/CMSIS/Include" -I"C:/Users/liewe/Desktop/Command_Line_Interface/MiniProject/Inc"  -Og -g3 -Wall -fmessage-length=0 -ffunction-sections -c -fmessage-length=0 -MMD -MP -MF"Src/stm32f1xx_hal_msp.d" -MT"Src/stm32f1xx_hal_msp.o" -o "Src/stm32f1xx_hal_msp.o" "../Src/stm32f1xx_hal_msp.c"
Finished building: ../Src/stm32f1xx_hal_msp.c
 
Building file: ../Src/stm32f1xx_it.c
Invoking: MCU GCC Compiler
C:\Users\liewe\Desktop\Command_Line_Interface\MiniProject\Debug
arm-none-eabi-gcc -mcpu=cortex-m3 -mthumb -mfloat-abi=soft '-D__weak=__attribute__((weak))' '-D__packed=__attribute__((__packed__))' -DUSE_HAL_DRIVER -DSTM32F103xB -I"C:/Users/liewe/Desktop/Command_Line_Interface/MiniProject/Inc" -I"C:/Users/liewe/Desktop/Command_Line_Interface/MiniProject/Drivers/STM32F1xx_HAL_Driver/Inc" -I"C:/Users/liewe/Desktop/Command_Line_Interface/MiniProject/Drivers/STM32F1xx_HAL_Driver/Inc/Legacy" -I"C:/Users/liewe/Desktop/Command_Line_Interface/MiniProject/Drivers/CMSIS/Device/ST/STM32F1xx/Include" -I"C:/Users/liewe/Desktop/Command_Line_Interface/MiniProject/Drivers/CMSIS/Include" -I"C:/Users/liewe/Desktop/Command_Line_Interface/MiniProject/Inc"  -Og -g3 -Wall -fmessage-length=0 -ffunction-sections -c -fmessage-length=0 -MMD -MP -MF"Src/stm32f1xx_it.d" -MT"Src/stm32f1xx_it.o" -o "Src/stm32f1xx_it.o" "../Src/stm32f1xx_it.c"
Finished building: ../Src/stm32f1xx_it.c
 
Building file: ../Src/system_stm32f1xx.c
Invoking: MCU GCC Compiler
C:\Users\liewe\Desktop\Command_Line_Interface\MiniProject\Debug
arm-none-eabi-gcc -mcpu=cortex-m3 -mthumb -mfloat-abi=soft '-D__weak=__attribute__((weak))' '-D__packed=__attribute__((__packed__))' -DUSE_HAL_DRIVER -DSTM32F103xB -I"C:/Users/liewe/Desktop/Command_Line_Interface/MiniProject/Inc" -I"C:/Users/liewe/Desktop/Command_Line_Interface/MiniProject/Drivers/STM32F1xx_HAL_Driver/Inc" -I"C:/Users/liewe/Desktop/Command_Line_Interface/MiniProject/Drivers/STM32F1xx_HAL_Driver/Inc/Legacy" -I"C:/Users/liewe/Desktop/Command_Line_Interface/MiniProject/Drivers/CMSIS/Device/ST/STM32F1xx/Include" -I"C:/Users/liewe/Desktop/Command_Line_Interface/MiniProject/Drivers/CMSIS/Include" -I"C:/Users/liewe/Desktop/Command_Line_Interface/MiniProject/Inc"  -Og -g3 -Wall -fmessage-length=0 -ffunction-sections -c -fmessage-length=0 -MMD -MP -MF"Src/system_stm32f1xx.d" -MT"Src/system_stm32f1xx.o" -o "Src/system_stm32f1xx.o" "../Src/system_stm32f1xx.c"
Finished building: ../Src/system_stm32f1xx.c
 
Building file: ../Drivers/STM32F1xx_HAL_Driver/Src/stm32f1xx_hal.c
Invoking: MCU GCC Compiler
C:\Users\liewe\Desktop\Command_Line_Interface\MiniProject\Debug
arm-none-eabi-gcc -mcpu=cortex-m3 -mthumb -mfloat-abi=soft '-D__weak=__attribute__((weak))' '-D__packed=__attribute__((__packed__))' -DUSE_HAL_DRIVER -DSTM32F103xB -I"C:/Users/liewe/Desktop/Command_Line_Interface/MiniProject/Inc" -I"C:/Users/liewe/Desktop/Command_Line_Interface/MiniProject/Drivers/STM32F1xx_HAL_Driver/Inc" -I"C:/Users/liewe/Desktop/Command_Line_Interface/MiniProject/Drivers/STM32F1xx_HAL_Driver/Inc/Legacy" -I"C:/Users/liewe/Desktop/Command_Line_Interface/MiniProject/Drivers/CMSIS/Device/ST/STM32F1xx/Include" -I"C:/Users/liewe/Desktop/Command_Line_Interface/MiniProject/Drivers/CMSIS/Include" -I"C:/Users/liewe/Desktop/Command_Line_Interface/MiniProject/Inc"  -Og -g3 -Wall -fmessage-length=0 -ffunction-sections -c -fmessage-length=0 -MMD -MP -MF"Drivers/STM32F1xx_HAL_Driver/Src/stm32f1xx_hal.d" -MT"Drivers/STM32F1xx_HAL_Driver/Src/stm32f1xx_hal.o" -o "Drivers/STM32F1xx_HAL_Driver/Src/stm32f1xx_hal.o" "../Drivers/STM32F1xx_HAL_Driver/Src/stm32f1xx_hal.c"
Finished building: ../Drivers/STM32F1xx_HAL_Driver/Src/stm32f1xx_hal.c
 
Building file: ../Drivers/STM32F1xx_HAL_Driver/Src/stm32f1xx_hal_cortex.c
Invoking: MCU GCC Compiler
C:\Users\liewe\Desktop\Command_Line_Interface\MiniProject\Debug
arm-none-eabi-gcc -mcpu=cortex-m3 -mthumb -mfloat-abi=soft '-D__weak=__attribute__((weak))' '-D__packed=__attribute__((__packed__))' -DUSE_HAL_DRIVER -DSTM32F103xB -I"C:/Users/liewe/Desktop/Command_Line_Interface/MiniProject/Inc" -I"C:/Users/liewe/Desktop/Command_Line_Interface/MiniProject/Drivers/STM32F1xx_HAL_Driver/Inc" -I"C:/Users/liewe/Desktop/Command_Line_Interface/MiniProject/Drivers/STM32F1xx_HAL_Driver/Inc/Legacy" -I"C:/Users/liewe/Desktop/Command_Line_Interface/MiniProject/Drivers/CMSIS/Device/ST/STM32F1xx/Include" -I"C:/Users/liewe/Desktop/Command_Line_Interface/MiniProject/Drivers/CMSIS/Include" -I"C:/Users/liewe/Desktop/Command_Line_Interface/MiniProject/Inc"  -Og -g3 -Wall -fmessage-length=0 -ffunction-sections -c -fmessage-length=0 -MMD -MP -MF"Drivers/STM32F1xx_HAL_Driver/Src/stm32f1xx_hal_cortex.d" -MT"Drivers/STM32F1xx_HAL_Driver/Src/stm32f1xx_hal_cortex.o" -o "Drivers/STM32F1xx_HAL_Driver/Src/stm32f1xx_hal_cortex.o" "../Drivers/STM32F1xx_HAL_Driver/Src/stm32f1xx_hal_cortex.c"
Finished building: ../Drivers/STM32F1xx_HAL_Driver/Src/stm32f1xx_hal_cortex.c
 
Building file: ../Drivers/STM32F1xx_HAL_Driver/Src/stm32f1xx_hal_dma.c
Invoking: MCU GCC Compiler
C:\Users\liewe\Desktop\Command_Line_Interface\MiniProject\Debug
arm-none-eabi-gcc -mcpu=cortex-m3 -mthumb -mfloat-abi=soft '-D__weak=__attribute__((weak))' '-D__packed=__attribute__((__packed__))' -DUSE_HAL_DRIVER -DSTM32F103xB -I"C:/Users/liewe/Desktop/Command_Line_Interface/MiniProject/Inc" -I"C:/Users/liewe/Desktop/Command_Line_Interface/MiniProject/Drivers/STM32F1xx_HAL_Driver/Inc" -I"C:/Users/liewe/Desktop/Command_Line_Interface/MiniProject/Drivers/STM32F1xx_HAL_Driver/Inc/Legacy" -I"C:/Users/liewe/Desktop/Command_Line_Interface/MiniProject/Drivers/CMSIS/Device/ST/STM32F1xx/Include" -I"C:/Users/liewe/Desktop/Command_Line_Interface/MiniProject/Drivers/CMSIS/Include" -I"C:/Users/liewe/Desktop/Command_Line_Interface/MiniProject/Inc"  -Og -g3 -Wall -fmessage-length=0 -ffunction-sections -c -fmessage-length=0 -MMD -MP -MF"Drivers/STM32F1xx_HAL_Driver/Src/stm32f1xx_hal_dma.d" -MT"Drivers/STM32F1xx_HAL_Driver/Src/stm32f1xx_hal_dma.o" -o "Drivers/STM32F1xx_HAL_Driver/Src/stm32f1xx_hal_dma.o" "../Drivers/STM32F1xx_HAL_Driver/Src/stm32f1xx_hal_dma.c"
Finished building: ../Drivers/STM32F1xx_HAL_Driver/Src/stm32f1xx_hal_dma.c
 
Building file: ../Drivers/STM32F1xx_HAL_Driver/Src/stm32f1xx_hal_flash.c
Invoking: MCU GCC Compiler
C:\Users\liewe\Desktop\Command_Line_Interface\MiniProject\Debug
arm-none-eabi-gcc -mcpu=cortex-m3 -mthumb -mfloat-abi=soft '-D__weak=__attribute__((weak))' '-D__packed=__attribute__((__packed__))' -DUSE_HAL_DRIVER -DSTM32F103xB -I"C:/Users/liewe/Desktop/Command_Line_Interface/MiniProject/Inc" -I"C:/Users/liewe/Desktop/Command_Line_Interface/MiniProject/Drivers/STM32F1xx_HAL_Driver/Inc" -I"C:/Users/liewe/Desktop/Command_Line_Interface/MiniProject/Drivers/STM32F1xx_HAL_Driver/Inc/Legacy" -I"C:/Users/liewe/Desktop/Command_Line_Interface/MiniProject/Drivers/CMSIS/Device/ST/STM32F1xx/Include" -I"C:/Users/liewe/Desktop/Command_Line_Interface/MiniProject/Drivers/CMSIS/Include" -I"C:/Users/liewe/Desktop/Command_Line_Interface/MiniProject/Inc"  -Og -g3 -Wall -fmessage-length=0 -ffunction-sections -c -fmessage-length=0 -MMD -MP -MF"Drivers/STM32F1xx_HAL_Driver/Src/stm32f1xx_hal_flash.d" -MT"Drivers/STM32F1xx_HAL_Driver/Src/stm32f1xx_hal_flash.o" -o "Drivers/STM32F1xx_HAL_Driver/Src/stm32f1xx_hal_flash.o" "../Drivers/STM32F1xx_HAL_Driver/Src/stm32f1xx_hal_flash.c"
Finished building: ../Drivers/STM32F1xx_HAL_Driver/Src/stm32f1xx_hal_flash.c
 
Building file: ../Drivers/STM32F1xx_HAL_Driver/Src/stm32f1xx_hal_flash_ex.c
Invoking: MCU GCC Compiler
C:\Users\liewe\Desktop\Command_Line_Interface\MiniProject\Debug
arm-none-eabi-gcc -mcpu=cortex-m3 -mthumb -mfloat-abi=soft '-D__weak=__attribute__((weak))' '-D__packed=__attribute__((__packed__))' -DUSE_HAL_DRIVER -DSTM32F103xB -I"C:/Users/liewe/Desktop/Command_Line_Interface/MiniProject/Inc" -I"C:/Users/liewe/Desktop/Command_Line_Interface/MiniProject/Drivers/STM32F1xx_HAL_Driver/Inc" -I"C:/Users/liewe/Desktop/Command_Line_Interface/MiniProject/Drivers/STM32F1xx_HAL_Driver/Inc/Legacy" -I"C:/Users/liewe/Desktop/Command_Line_Interface/MiniProject/Drivers/CMSIS/Device/ST/STM32F1xx/Include" -I"C:/Users/liewe/Desktop/Command_Line_Interface/MiniProject/Drivers/CMSIS/Include" -I"C:/Users/liewe/Desktop/Command_Line_Interface/MiniProject/Inc"  -Og -g3 -Wall -fmessage-length=0 -ffunction-sections -c -fmessage-length=0 -MMD -MP -MF"Drivers/STM32F1xx_HAL_Driver/Src/stm32f1xx_hal_flash_ex.d" -MT"Drivers/STM32F1xx_HAL_Driver/Src/stm32f1xx_hal_flash_ex.o" -o "Drivers/STM32F1xx_HAL_Driver/Src/stm32f1xx_hal_flash_ex.o" "../Drivers/STM32F1xx_HAL_Driver/Src/stm32f1xx_hal_flash_ex.c"
Finished building: ../Drivers/STM32F1xx_HAL_Driver/Src/stm32f1xx_hal_flash_ex.c
 
Building file: ../Drivers/STM32F1xx_HAL_Driver/Src/stm32f1xx_hal_gpio.c
Invoking: MCU GCC Compiler
C:\Users\liewe\Desktop\Command_Line_Interface\MiniProject\Debug
arm-none-eabi-gcc -mcpu=cortex-m3 -mthumb -mfloat-abi=soft '-D__weak=__attribute__((weak))' '-D__packed=__attribute__((__packed__))' -DUSE_HAL_DRIVER -DSTM32F103xB -I"C:/Users/liewe/Desktop/Command_Line_Interface/MiniProject/Inc" -I"C:/Users/liewe/Desktop/Command_Line_Interface/MiniProject/Drivers/STM32F1xx_HAL_Driver/Inc" -I"C:/Users/liewe/Desktop/Command_Line_Interface/MiniProject/Drivers/STM32F1xx_HAL_Driver/Inc/Legacy" -I"C:/Users/liewe/Desktop/Command_Line_Interface/MiniProject/Drivers/CMSIS/Device/ST/STM32F1xx/Include" -I"C:/Users/liewe/Desktop/Command_Line_Interface/MiniProject/Drivers/CMSIS/Include" -I"C:/Users/liewe/Desktop/Command_Line_Interface/MiniProject/Inc"  -Og -g3 -Wall -fmessage-length=0 -ffunction-sections -c -fmessage-length=0 -MMD -MP -MF"Drivers/STM32F1xx_HAL_Driver/Src/stm32f1xx_hal_gpio.d" -MT"Drivers/STM32F1xx_HAL_Driver/Src/stm32f1xx_hal_gpio.o" -o "Drivers/STM32F1xx_HAL_Driver/Src/stm32f1xx_hal_gpio.o" "../Drivers/STM32F1xx_HAL_Driver/Src/stm32f1xx_hal_gpio.c"
Finished building: ../Drivers/STM32F1xx_HAL_Driver/Src/stm32f1xx_hal_gpio.c
 
Building file: ../Drivers/STM32F1xx_HAL_Driver/Src/stm32f1xx_hal_gpio_ex.c
Invoking: MCU GCC Compiler
C:\Users\liewe\Desktop\Command_Line_Interface\MiniProject\Debug
arm-none-eabi-gcc -mcpu=cortex-m3 -mthumb -mfloat-abi=soft '-D__weak=__attribute__((weak))' '-D__packed=__attribute__((__packed__))' -DUSE_HAL_DRIVER -DSTM32F103xB -I"C:/Users/liewe/Desktop/Command_Line_Interface/MiniProject/Inc" -I"C:/Users/liewe/Desktop/Command_Line_Interface/MiniProject/Drivers/STM32F1xx_HAL_Driver/Inc" -I"C:/Users/liewe/Desktop/Command_Line_Interface/MiniProject/Drivers/STM32F1xx_HAL_Driver/Inc/Legacy" -I"C:/Users/liewe/Desktop/Command_Line_Interface/MiniProject/Drivers/CMSIS/Device/ST/STM32F1xx/Include" -I"C:/Users/liewe/Desktop/Command_Line_Interface/MiniProject/Drivers/CMSIS/Include" -I"C:/Users/liewe/Desktop/Command_Line_Interface/MiniProject/Inc"  -Og -g3 -Wall -fmessage-length=0 -ffunction-sections -c -fmessage-length=0 -MMD -MP -MF"Drivers/STM32F1xx_HAL_Driver/Src/stm32f1xx_hal_gpio_ex.d" -MT"Drivers/STM32F1xx_HAL_Driver/Src/stm32f1xx_hal_gpio_ex.o" -o "Drivers/STM32F1xx_HAL_Driver/Src/stm32f1xx_hal_gpio_ex.o" "../Drivers/STM32F1xx_HAL_Driver/Src/stm32f1xx_hal_gpio_ex.c"
Finished building: ../Drivers/STM32F1xx_HAL_Driver/Src/stm32f1xx_hal_gpio_ex.c
 
Building file: ../Drivers/STM32F1xx_HAL_Driver/Src/stm32f1xx_hal_pwr.c
Invoking: MCU GCC Compiler
C:\Users\liewe\Desktop\Command_Line_Interface\MiniProject\Debug
arm-none-eabi-gcc -mcpu=cortex-m3 -mthumb -mfloat-abi=soft '-D__weak=__attribute__((weak))' '-D__packed=__attribute__((__packed__))' -DUSE_HAL_DRIVER -DSTM32F103xB -I"C:/Users/liewe/Desktop/Command_Line_Interface/MiniProject/Inc" -I"C:/Users/liewe/Desktop/Command_Line_Interface/MiniProject/Drivers/STM32F1xx_HAL_Driver/Inc" -I"C:/Users/liewe/Desktop/Command_Line_Interface/MiniProject/Drivers/STM32F1xx_HAL_Driver/Inc/Legacy" -I"C:/Users/liewe/Desktop/Command_Line_Interface/MiniProject/Drivers/CMSIS/Device/ST/STM32F1xx/Include" -I"C:/Users/liewe/Desktop/Command_Line_Interface/MiniProject/Drivers/CMSIS/Include" -I"C:/Users/liewe/Desktop/Command_Line_Interface/MiniProject/Inc"  -Og -g3 -Wall -fmessage-length=0 -ffunction-sections -c -fmessage-length=0 -MMD -MP -MF"Drivers/STM32F1xx_HAL_Driver/Src/stm32f1xx_hal_pwr.d" -MT"Drivers/STM32F1xx_HAL_Driver/Src/stm32f1xx_hal_pwr.o" -o "Drivers/STM32F1xx_HAL_Driver/Src/stm32f1xx_hal_pwr.o" "../Drivers/STM32F1xx_HAL_Driver/Src/stm32f1xx_hal_pwr.c"
Finished building: ../Drivers/STM32F1xx_HAL_Driver/Src/stm32f1xx_hal_pwr.c
 
Building file: ../Drivers/STM32F1xx_HAL_Driver/Src/stm32f1xx_hal_rcc.c
Invoking: MCU GCC Compiler
C:\Users\liewe\Desktop\Command_Line_Interface\MiniProject\Debug
arm-none-eabi-gcc -mcpu=cortex-m3 -mthumb -mfloat-abi=soft '-D__weak=__attribute__((weak))' '-D__packed=__attribute__((__packed__))' -DUSE_HAL_DRIVER -DSTM32F103xB -I"C:/Users/liewe/Desktop/Command_Line_Interface/MiniProject/Inc" -I"C:/Users/liewe/Desktop/Command_Line_Interface/MiniProject/Drivers/STM32F1xx_HAL_Driver/Inc" -I"C:/Users/liewe/Desktop/Command_Line_Interface/MiniProject/Drivers/STM32F1xx_HAL_Driver/Inc/Legacy" -I"C:/Users/liewe/Desktop/Command_Line_Interface/MiniProject/Drivers/CMSIS/Device/ST/STM32F1xx/Include" -I"C:/Users/liewe/Desktop/Command_Line_Interface/MiniProject/Drivers/CMSIS/Include" -I"C:/Users/liewe/Desktop/Command_Line_Interface/MiniProject/Inc"  -Og -g3 -Wall -fmessage-length=0 -ffunction-sections -c -fmessage-length=0 -MMD -MP -MF"Drivers/STM32F1xx_HAL_Driver/Src/stm32f1xx_hal_rcc.d" -MT"Drivers/STM32F1xx_HAL_Driver/Src/stm32f1xx_hal_rcc.o" -o "Drivers/STM32F1xx_HAL_Driver/Src/stm32f1xx_hal_rcc.o" "../Drivers/STM32F1xx_HAL_Driver/Src/stm32f1xx_hal_rcc.c"
Finished building: ../Drivers/STM32F1xx_HAL_Driver/Src/stm32f1xx_hal_rcc.c
 
Building file: ../Drivers/STM32F1xx_HAL_Driver/Src/stm32f1xx_hal_rcc_ex.c
Invoking: MCU GCC Compiler
C:\Users\liewe\Desktop\Command_Line_Interface\MiniProject\Debug
arm-none-eabi-gcc -mcpu=cortex-m3 -mthumb -mfloat-abi=soft '-D__weak=__attribute__((weak))' '-D__packed=__attribute__((__packed__))' -DUSE_HAL_DRIVER -DSTM32F103xB -I"C:/Users/liewe/Desktop/Command_Line_Interface/MiniProject/Inc" -I"C:/Users/liewe/Desktop/Command_Line_Interface/MiniProject/Drivers/STM32F1xx_HAL_Driver/Inc" -I"C:/Users/liewe/Desktop/Command_Line_Interface/MiniProject/Drivers/STM32F1xx_HAL_Driver/Inc/Legacy" -I"C:/Users/liewe/Desktop/Command_Line_Interface/MiniProject/Drivers/CMSIS/Device/ST/STM32F1xx/Include" -I"C:/Users/liewe/Desktop/Command_Line_Interface/MiniProject/Drivers/CMSIS/Include" -I"C:/Users/liewe/Desktop/Command_Line_Interface/MiniProject/Inc"  -Og -g3 -Wall -fmessage-length=0 -ffunction-sections -c -fmessage-length=0 -MMD -MP -MF"Drivers/STM32F1xx_HAL_Driver/Src/stm32f1xx_hal_rcc_ex.d" -MT"Drivers/STM32F1xx_HAL_Driver/Src/stm32f1xx_hal_rcc_ex.o" -o "Drivers/STM32F1xx_HAL_Driver/Src/stm32f1xx_hal_rcc_ex.o" "../Drivers/STM32F1xx_HAL_Driver/Src/stm32f1xx_hal_rcc_ex.c"
Finished building: ../Drivers/STM32F1xx_HAL_Driver/Src/stm32f1xx_hal_rcc_ex.c
 
Building file: ../Drivers/STM32F1xx_HAL_Driver/Src/stm32f1xx_hal_spi.c
Invoking: MCU GCC Compiler
C:\Users\liewe\Desktop\Command_Line_Interface\MiniProject\Debug
arm-none-eabi-gcc -mcpu=cortex-m3 -mthumb -mfloat-abi=soft '-D__weak=__attribute__((weak))' '-D__packed=__attribute__((__packed__))' -DUSE_HAL_DRIVER -DSTM32F103xB -I"C:/Users/liewe/Desktop/Command_Line_Interface/MiniProject/Inc" -I"C:/Users/liewe/Desktop/Command_Line_Interface/MiniProject/Drivers/STM32F1xx_HAL_Driver/Inc" -I"C:/Users/liewe/Desktop/Command_Line_Interface/MiniProject/Drivers/STM32F1xx_HAL_Driver/Inc/Legacy" -I"C:/Users/liewe/Desktop/Command_Line_Interface/MiniProject/Drivers/CMSIS/Device/ST/STM32F1xx/Include" -I"C:/Users/liewe/Desktop/Command_Line_Interface/MiniProject/Drivers/CMSIS/Include" -I"C:/Users/liewe/Desktop/Command_Line_Interface/MiniProject/Inc"  -Og -g3 -Wall -fmessage-length=0 -ffunction-sections -c -fmessage-length=0 -MMD -MP -MF"Drivers/STM32F1xx_HAL_Driver/Src/stm32f1xx_hal_spi.d" -MT"Drivers/STM32F1xx_HAL_Driver/Src/stm32f1xx_hal_spi.o" -o "Drivers/STM32F1xx_HAL_Driver/Src/stm32f1xx_hal_spi.o" "../Drivers/STM32F1xx_HAL_Driver/Src/stm32f1xx_hal_spi.c"
Finished building: ../Drivers/STM32F1xx_HAL_Driver/Src/stm32f1xx_hal_spi.c
 
Building file: ../Drivers/STM32F1xx_HAL_Driver/Src/stm32f1xx_hal_spi_ex.c
Invoking: MCU GCC Compiler
C:\Users\liewe\Desktop\Command_Line_Interface\MiniProject\Debug
arm-none-eabi-gcc -mcpu=cortex-m3 -mthumb -mfloat-abi=soft '-D__weak=__attribute__((weak))' '-D__packed=__attribute__((__packed__))' -DUSE_HAL_DRIVER -DSTM32F103xB -I"C:/Users/liewe/Desktop/Command_Line_Interface/MiniProject/Inc" -I"C:/Users/liewe/Desktop/Command_Line_Interface/MiniProject/Drivers/STM32F1xx_HAL_Driver/Inc" -I"C:/Users/liewe/Desktop/Command_Line_Interface/MiniProject/Drivers/STM32F1xx_HAL_Driver/Inc/Legacy" -I"C:/Users/liewe/Desktop/Command_Line_Interface/MiniProject/Drivers/CMSIS/Device/ST/STM32F1xx/Include" -I"C:/Users/liewe/Desktop/Command_Line_Interface/MiniProject/Drivers/CMSIS/Include" -I"C:/Users/liewe/Desktop/Command_Line_Interface/MiniProject/Inc"  -Og -g3 -Wall -fmessage-length=0 -ffunction-sections -c -fmessage-length=0 -MMD -MP -MF"Drivers/STM32F1xx_HAL_Driver/Src/stm32f1xx_hal_spi_ex.d" -MT"Drivers/STM32F1xx_HAL_Driver/Src/stm32f1xx_hal_spi_ex.o" -o "Drivers/STM32F1xx_HAL_Driver/Src/stm32f1xx_hal_spi_ex.o" "../Drivers/STM32F1xx_HAL_Driver/Src/stm32f1xx_hal_spi_ex.c"
Finished building: ../Drivers/STM32F1xx_HAL_Driver/Src/stm32f1xx_hal_spi_ex.c
 
Building file: ../Drivers/STM32F1xx_HAL_Driver/Src/stm32f1xx_hal_tim.c
Invoking: MCU GCC Compiler
C:\Users\liewe\Desktop\Command_Line_Interface\MiniProject\Debug
arm-none-eabi-gcc -mcpu=cortex-m3 -mthumb -mfloat-abi=soft '-D__weak=__attribute__((weak))' '-D__packed=__attribute__((__packed__))' -DUSE_HAL_DRIVER -DSTM32F103xB -I"C:/Users/liewe/Desktop/Command_Line_Interface/MiniProject/Inc" -I"C:/Users/liewe/Desktop/Command_Line_Interface/MiniProject/Drivers/STM32F1xx_HAL_Driver/Inc" -I"C:/Users/liewe/Desktop/Command_Line_Interface/MiniProject/Drivers/STM32F1xx_HAL_Driver/Inc/Legacy" -I"C:/Users/liewe/Desktop/Command_Line_Interface/MiniProject/Drivers/CMSIS/Device/ST/STM32F1xx/Include" -I"C:/Users/liewe/Desktop/Command_Line_Interface/MiniProject/Drivers/CMSIS/Include" -I"C:/Users/liewe/Desktop/Command_Line_Interface/MiniProject/Inc"  -Og -g3 -Wall -fmessage-length=0 -ffunction-sections -c -fmessage-length=0 -MMD -MP -MF"Drivers/STM32F1xx_HAL_Driver/Src/stm32f1xx_hal_tim.d" -MT"Drivers/STM32F1xx_HAL_Driver/Src/stm32f1xx_hal_tim.o" -o "Drivers/STM32F1xx_HAL_Driver/Src/stm32f1xx_hal_tim.o" "../Drivers/STM32F1xx_HAL_Driver/Src/stm32f1xx_hal_tim.c"
Finished building: ../Drivers/STM32F1xx_HAL_Driver/Src/stm32f1xx_hal_tim.c
 
Building file: ../Drivers/STM32F1xx_HAL_Driver/Src/stm32f1xx_hal_tim_ex.c
Invoking: MCU GCC Compiler
C:\Users\liewe\Desktop\Command_Line_Interface\MiniProject\Debug
arm-none-eabi-gcc -mcpu=cortex-m3 -mthumb -mfloat-abi=soft '-D__weak=__attribute__((weak))' '-D__packed=__attribute__((__packed__))' -DUSE_HAL_DRIVER -DSTM32F103xB -I"C:/Users/liewe/Desktop/Command_Line_Interface/MiniProject/Inc" -I"C:/Users/liewe/Desktop/Command_Line_Interface/MiniProject/Drivers/STM32F1xx_HAL_Driver/Inc" -I"C:/Users/liewe/Desktop/Command_Line_Interface/MiniProject/Drivers/STM32F1xx_HAL_Driver/Inc/Legacy" -I"C:/Users/liewe/Desktop/Command_Line_Interface/MiniProject/Drivers/CMSIS/Device/ST/STM32F1xx/Include" -I"C:/Users/liewe/Desktop/Command_Line_Interface/MiniProject/Drivers/CMSIS/Include" -I"C:/Users/liewe/Desktop/Command_Line_Interface/MiniProject/Inc"  -Og -g3 -Wall -fmessage-length=0 -ffunction-sections -c -fmessage-length=0 -MMD -MP -MF"Drivers/STM32F1xx_HAL_Driver/Src/stm32f1xx_hal_tim_ex.d" -MT"Drivers/STM32F1xx_HAL_Driver/Src/stm32f1xx_hal_tim_ex.o" -o "Drivers/STM32F1xx_HAL_Driver/Src/stm32f1xx_hal_tim_ex.o" "../Drivers/STM32F1xx_HAL_Driver/Src/stm32f1xx_hal_tim_ex.c"
Finished building: ../Drivers/STM32F1xx_HAL_Driver/Src/stm32f1xx_hal_tim_ex.c
 
Building file: ../Drivers/STM32F1xx_HAL_Driver/Src/stm32f1xx_hal_uart.c
Invoking: MCU GCC Compiler
C:\Users\liewe\Desktop\Command_Line_Interface\MiniProject\Debug
arm-none-eabi-gcc -mcpu=cortex-m3 -mthumb -mfloat-abi=soft '-D__weak=__attribute__((weak))' '-D__packed=__attribute__((__packed__))' -DUSE_HAL_DRIVER -DSTM32F103xB -I"C:/Users/liewe/Desktop/Command_Line_Interface/MiniProject/Inc" -I"C:/Users/liewe/Desktop/Command_Line_Interface/MiniProject/Drivers/STM32F1xx_HAL_Driver/Inc" -I"C:/Users/liewe/Desktop/Command_Line_Interface/MiniProject/Drivers/STM32F1xx_HAL_Driver/Inc/Legacy" -I"C:/Users/liewe/Desktop/Command_Line_Interface/MiniProject/Drivers/CMSIS/Device/ST/STM32F1xx/Include" -I"C:/Users/liewe/Desktop/Command_Line_Interface/MiniProject/Drivers/CMSIS/Include" -I"C:/Users/liewe/Desktop/Command_Line_Interface/MiniProject/Inc"  -Og -g3 -Wall -fmessage-length=0 -ffunction-sections -c -fmessage-length=0 -MMD -MP -MF"Drivers/STM32F1xx_HAL_Driver/Src/stm32f1xx_hal_uart.d" -MT"Drivers/STM32F1xx_HAL_Driver/Src/stm32f1xx_hal_uart.o" -o "Drivers/STM32F1xx_HAL_Driver/Src/stm32f1xx_hal_uart.o" "../Drivers/STM32F1xx_HAL_Driver/Src/stm32f1xx_hal_uart.c"
Finished building: ../Drivers/STM32F1xx_HAL_Driver/Src/stm32f1xx_hal_uart.c
 
Building target: MiniProject.elf
Invoking: MCU GCC Linker
arm-none-eabi-gcc -mcpu=cortex-m3 -mthumb -mfloat-abi=soft -specs=nosys.specs -specs=nano.specs -T"../STM32F103C8Tx_FLASH.ld" -Wl,-Map=output.map -Wl,--gc-sections -o "MiniProject.elf" @"objects.list"   -lm
Finished building target: MiniProject.elf
 
make --no-print-directory post-build
Generating binary and Printing size information:
arm-none-eabi-objcopy -O binary "MiniProject.elf" "MiniProject.bin"
arm-none-eabi-size "MiniProject.elf"
   text	   data	    bss	    dec	    hex	filename
  10444	    476	   1852	  12772	   31e4	MiniProject.elf
 
18:19:05 **** Incremental Build of configuration Debug for project tcb ****
make all 
make: Nothing to be done for `all'.
18:19:15 **** Incremental Build of configuration Debug for project MiniProject ****
make all 
make: Nothing to be done for `all'.
18:25:11 **** Incremental Build of configuration Debug for project Interrupt ****
make all 
make: Nothing to be done for `all'.
18:25:13 **** Incremental Build of configuration Debug for project MiniProject ****
make all 
Building file: ../Src/main.c
Invoking: MCU GCC Compiler
C:\Users\liewe\Desktop\Command_Line_Interface\MiniProject\Debug
arm-none-eabi-gcc -mcpu=cortex-m3 -mthumb -mfloat-abi=soft '-D__weak=__attribute__((weak))' '-D__packed=__attribute__((__packed__))' -DUSE_HAL_DRIVER -DSTM32F103xB -I"C:/Users/liewe/Desktop/Command_Line_Interface/MiniProject/Inc" -I"C:/Users/liewe/Desktop/Command_Line_Interface/MiniProject/Drivers/STM32F1xx_HAL_Driver/Inc" -I"C:/Users/liewe/Desktop/Command_Line_Interface/MiniProject/Drivers/STM32F1xx_HAL_Driver/Inc/Legacy" -I"C:/Users/liewe/Desktop/Command_Line_Interface/MiniProject/Drivers/CMSIS/Device/ST/STM32F1xx/Include" -I"C:/Users/liewe/Desktop/Command_Line_Interface/MiniProject/Drivers/CMSIS/Include" -I"C:/Users/liewe/Desktop/Command_Line_Interface/MiniProject/Inc"  -Og -g3 -Wall -fmessage-length=0 -ffunction-sections -c -fmessage-length=0 -MMD -MP -MF"Src/main.d" -MT"Src/main.o" -o "Src/main.o" "../Src/main.c"
../Src/main.c:79:1: warning: return type defaults to 'int' [-Wimplicit-int]
 HAL_UART_RxCpltCallback(UART_HandleTypeDef *huart)
 ^
../Src/main.c:79:1: warning: conflicting types for 'HAL_UART_RxCpltCallback'
In file included from C:/Users/liewe/Desktop/Command_Line_Interface/MiniProject/Inc/stm32f1xx_hal_conf.h:301:0,
                 from C:/Users/liewe/Desktop/Command_Line_Interface/MiniProject/Drivers/STM32F1xx_HAL_Driver/Inc/stm32f1xx_hal.h:48,
                 from ../Src/main.c:40:
C:/Users/liewe/Desktop/Command_Line_Interface/MiniProject/Drivers/STM32F1xx_HAL_Driver/Inc/stm32f1xx_hal_uart.h:698:6: note: previous declaration of 'HAL_UART_RxCpltCallback' was here
 void HAL_UART_RxCpltCallback(UART_HandleTypeDef *huart);
      ^
../Src/main.c: In function 'HAL_UART_RxCpltCallback':
../Src/main.c:82:9: warning: pointer targets in assignment differ in signedness [-Wpointer-sign]
  result = &rxString[0];
         ^
../Src/main.c: In function 'main':
../Src/main.c:127:11: warning: unused variable 'val' [-Wunused-variable]
  long int val = 0;
           ^
../Src/main.c:125:11: warning: variable 'Data' set but not used [-Wunused-but-set-variable]
  uint64_t Data = 1;
           ^
../Src/main.c:124:11: warning: unused variable 'type_Program' [-Wunused-variable]
  uint32_t type_Program = 1; // last page of starting address
           ^
../Src/main.c:123:11: warning: variable 'Address' set but not used [-Wunused-but-set-variable]
  uint32_t Address;//writing address
           ^
Finished building: ../Src/main.c
 
Building target: MiniProject.elf
Invoking: MCU GCC Linker
arm-none-eabi-gcc -mcpu=cortex-m3 -mthumb -mfloat-abi=soft -specs=nosys.specs -specs=nano.specs -T"../STM32F103C8Tx_FLASH.ld" -Wl,-Map=output.map -Wl,--gc-sections -o "MiniProject.elf" @"objects.list"   -lm
Finished building target: MiniProject.elf
 
make --no-print-directory post-build
Generating binary and Printing size information:
arm-none-eabi-objcopy -O binary "MiniProject.elf" "MiniProject.bin"
arm-none-eabi-size "MiniProject.elf"
   text	   data	    bss	    dec	    hex	filename
  10188	    476	   1852	  12516	   30e4	MiniProject.elf
 
18:25:25 **** Incremental Build of configuration Debug for project tcb ****
make all 
make: Nothing to be done for `all'.
18:25:53 **** Incremental Build of configuration Debug for project MiniProject ****
make all 
make: Nothing to be done for `all'.
19:49:13 **** Incremental Build of configuration Debug for project Interrupt ****
make all 
make: Nothing to be done for `all'.
19:49:16 **** Incremental Build of configuration Debug for project MiniProject ****
make all 
make: Nothing to be done for `all'.
19:49:18 **** Incremental Build of configuration Debug for project tcb ****
make all 
make: Nothing to be done for `all'.
19:49:30 **** Incremental Build of configuration Debug for project MiniProject ****
make all 
make: Nothing to be done for `all'.
19:49:38 **** Incremental Build of configuration Debug for project MiniProject ****
make all 
make: Nothing to be done for `all'.
19:50:15 **** Incremental Build of configuration Debug for project Interrupt ****
make all 
make: Nothing to be done for `all'.
19:50:17 **** Incremental Build of configuration Debug for project MiniProject ****
make all 
make: Nothing to be done for `all'.
19:50:18 **** Incremental Build of configuration Debug for project tcb ****
make all 
make: Nothing to be done for `all'.
20:42:33 **** Incremental Build of configuration Debug for project MiniProject ****
make all 
make: Nothing to be done for `all'.
20:49:49 **** Incremental Build of configuration Debug for project Interrupt ****
make all 
make: Nothing to be done for `all'.
20:49:52 **** Incremental Build of configuration Debug for project MiniProject ****
make all 
Building file: ../Src/main.c
Invoking: MCU GCC Compiler
C:\Users\liewe\Desktop\Command_Line_Interface\MiniProject\Debug
[...]
make all 
make: Nothing to be done for `all'.
23:19:50 **** Incremental Build of configuration Debug for project Interrupt ****
make all 
make: Nothing to be done for `all'.
23:19:51 **** Incremental Build of configuration Debug for project MiniProject ****
make all 
Building file: ../Src/main.c
Invoking: MCU GCC Compiler
C:\Users\liewe\Desktop\Command_Line_Interface\MiniProject\Debug
arm-none-eabi-gcc -mcpu=cortex-m3 -mthumb -mfloat-abi=soft '-D__weak=__attribute__((weak))' '-D__packed=__attribute__((__packed__))' -DUSE_HAL_DRIVER -DSTM32F103xB -I"C:/Users/liewe/Desktop/Command_Line_Interface/MiniProject/Inc" -I"C:/Users/liewe/Desktop/Command_Line_Interface/MiniProject/Drivers/STM32F1xx_HAL_Driver/Inc" -I"C:/Users/liewe/Desktop/Command_Line_Interface/MiniProject/Drivers/STM32F1xx_HAL_Driver/Inc/Legacy" -I"C:/Users/liewe/Desktop/Command_Line_Interface/MiniProject/Drivers/CMSIS/Device/ST/STM32F1xx/Include" -I"C:/Users/liewe/Desktop/Command_Line_Interface/MiniProject/Drivers/CMSIS/Include" -I"C:/Users/liewe/Desktop/Command_Line_Interface/MiniProject/Inc"  -Og -g3 -Wall -fmessage-length=0 -ffunction-sections -c -fmessage-length=0 -MMD -MP -MF"Src/main.d" -MT"Src/main.o" -o "Src/main.o" "../Src/main.c"
../Src/main.c:80:1: warning: return type defaults to 'int' [-Wimplicit-int]
 HAL_UART_RxCpltCallback(UART_HandleTypeDef *huart)
 ^
../Src/main.c:80:1: warning: conflicting types for 'HAL_UART_RxCpltCallback'
In file included from C:/Users/liewe/Desktop/Command_Line_Interface/MiniProject/Inc/stm32f1xx_hal_conf.h:301:0,
                 from C:/Users/liewe/Desktop/Command_Line_Interface/MiniProject/Drivers/STM32F1xx_HAL_Driver/Inc/stm32f1xx_hal.h:48,
                 from ../Src/main.c:40:
C:/Users/liewe/Desktop/Command_Line_Interface/MiniProject/Drivers/STM32F1xx_HAL_Driver/Inc/stm32f1xx_hal_uart.h:698:6: note: previous declaration of 'HAL_UART_RxCpltCallback' was here
 void HAL_UART_RxCpltCallback(UART_HandleTypeDef *huart);
      ^
../Src/main.c: In function 'HAL_UART_RxCpltCallback':
../Src/main.c:83:9: warning: pointer targets in assignment differ in signedness [-Wpointer-sign]
  result = &rxString[0];
         ^
../Src/main.c:90:18: warning: comparison between pointer and integer
     if (rxBuffer == 8 || rxBuffer == 127) // If Backspace or del
                  ^
../Src/main.c:90:35: warning: comparison between pointer and integer
     if (rxBuffer == 8 || rxBuffer == 127) // If Backspace or del
                                   ^
../Src/main.c:97:23: warning: comparison between pointer and integer
     else if (rxBuffer == '\n' || rxBuffer == '\r') // If Enter
                       ^
../Src/main.c:97:43: warning: comparison between pointer and integer
     else if (rxBuffer == '\n' || rxBuffer == '\r') // If Enter
                                           ^
../Src/main.c:107:27: warning: assignment makes integer from pointer without a cast [-Wint-conversion]
         rxString[rxindex] = rxBuffer; // Add that character to the string
                           ^
../Src/main.c: In function 'main':
../Src/main.c:128:11: warning: unused variable 'val' [-Wunused-variable]
  long int val = 0;
           ^
../Src/main.c:126:11: warning: variable 'Data' set but not used [-Wunused-but-set-variable]
  uint64_t Data = 1;
           ^
../Src/main.c:125:11: warning: unused variable 'type_Program' [-Wunused-variable]
  uint32_t type_Program = 1; // last page of starting address
           ^
../Src/main.c:124:11: warning: variable 'Address' set but not used [-Wunused-but-set-variable]
  uint32_t Address;//writing address
           ^
Finished building: ../Src/main.c
 
Building target: MiniProject.elf
Invoking: MCU GCC Linker
arm-none-eabi-gcc -mcpu=cortex-m3 -mthumb -mfloat-abi=soft -specs=nosys.specs -specs=nano.specs -specs=rdimon.specs -lc -lrdimon -T"../STM32F103C8Tx_FLASH.ld" -Wl,-Map=output.map -Wl,--gc-sections -o "MiniProject.elf" @"objects.list"   -lm
Finished building target: MiniProject.elf
 
make --no-print-directory post-build
Generating binary and Printing size information:
arm-none-eabi-objcopy -O binary "MiniProject.elf" "MiniProject.bin"
arm-none-eabi-size "MiniProject.elf"
   text	   data	    bss	    dec	    hex	filename
  14412	    480	   2120	  17012	   4274	MiniProject.elf
 
23:19:56 **** Incremental Build of configuration Debug for project tcb ****
make all 
make: Nothing to be done for `all'.
23:20:06 **** Incremental Build of configuration Debug for project MiniProject ****
make all 
make: Nothing to be done for `all'.
23:26:11 **** Incremental Build of configuration Debug for project MiniProject ****
make all 
make: Nothing to be done for `all'.
23:29:39 **** Incremental Build of configuration Debug for project Interrupt ****
make all 
make: Nothing to be done for `all'.
23:29:41 **** Incremental Build of configuration Debug for project MiniProject ****
make all 
Building file: ../Src/main.c
Invoking: MCU GCC Compiler
C:\Users\liewe\Desktop\Command_Line_Interface\MiniProject\Debug
arm-none-eabi-gcc -mcpu=cortex-m3 -mthumb -mfloat-abi=soft '-D__weak=__attribute__((weak))' '-D__packed=__attribute__((__packed__))' -DUSE_HAL_DRIVER -DSTM32F103xB -I"C:/Users/liewe/Desktop/Command_Line_Interface/MiniProject/Inc" -I"C:/Users/liewe/Desktop/Command_Line_Interface/MiniProject/Drivers/STM32F1xx_HAL_Driver/Inc" -I"C:/Users/liewe/Desktop/Command_Line_Interface/MiniProject/Drivers/STM32F1xx_HAL_Driver/Inc/Legacy" -I"C:/Users/liewe/Desktop/Command_Line_Interface/MiniProject/Drivers/CMSIS/Device/ST/STM32F1xx/Include" -I"C:/Users/liewe/Desktop/Command_Line_Interface/MiniProject/Drivers/CMSIS/Include" -I"C:/Users/liewe/Desktop/Command_Line_Interface/MiniProject/Inc"  -Og -g3 -Wall -fmessage-length=0 -ffunction-sections -c -fmessage-length=0 -MMD -MP -MF"Src/main.d" -MT"Src/main.o" -o "Src/main.o" "../Src/main.c"
../Src/main.c:80:1: warning: return type defaults to 'int' [-Wimplicit-int]
 HAL_UART_RxCpltCallback(UART_HandleTypeDef *huart)
 ^
../Src/main.c:80:1: warning: conflicting types for 'HAL_UART_RxCpltCallback'
In file included from C:/Users/liewe/Desktop/Command_Line_Interface/MiniProject/Inc/stm32f1xx_hal_conf.h:301:0,
                 from C:/Users/liewe/Desktop/Command_Line_Interface/MiniProject/Drivers/STM32F1xx_HAL_Driver/Inc/stm32f1xx_hal.h:48,
                 from ../Src/main.c:40:
C:/Users/liewe/Desktop/Command_Line_Interface/MiniProject/Drivers/STM32F1xx_HAL_Driver/Inc/stm32f1xx_hal_uart.h:698:6: note: previous declaration of 'HAL_UART_RxCpltCallback' was here
 void HAL_UART_RxCpltCallback(UART_HandleTypeDef *huart);
      ^
../Src/main.c: In function 'HAL_UART_RxCpltCallback':
../Src/main.c:83:9: warning: pointer targets in assignment differ in signedness [-Wpointer-sign]
  result = &rxString[0];
         ^
../Src/main.c:90:18: warning: comparison between pointer and integer
     if (rxBuffer == 8 || rxBuffer == 127) // If Backspace or del
                  ^
../Src/main.c:90:35: warning: comparison between pointer and integer
     if (rxBuffer == 8 || rxBuffer == 127) // If Backspace or del
                                   ^
../Src/main.c:97:23: warning: comparison between pointer and integer
     else if (rxBuffer == '\n' || rxBuffer == '\r') // If Enter
                       ^
../Src/main.c:97:43: warning: comparison between pointer and integer
     else if (rxBuffer == '\n' || rxBuffer == '\r') // If Enter
                                           ^
../Src/main.c:107:27: warning: assignment makes integer from pointer without a cast [-Wint-conversion]
         rxString[rxindex] = rxBuffer; // Add that character to the string
                           ^
../Src/main.c: In function 'main':
../Src/main.c:128:11: warning: unused variable 'val' [-Wunused-variable]
  long int val = 0;
           ^
../Src/main.c:126:11: warning: variable 'Data' set but not used [-Wunused-but-set-variable]
  uint64_t Data = 1;
           ^
../Src/main.c:125:11: warning: unused variable 'type_Program' [-Wunused-variable]
  uint32_t type_Program = 1; // last page of starting address
           ^
../Src/main.c:124:11: warning: variable 'Address' set but not used [-Wunused-but-set-variable]
  uint32_t Address;//writing address
           ^
Finished building: ../Src/main.c
 
Building target: MiniProject.elf
Invoking: MCU GCC Linker
arm-none-eabi-gcc -mcpu=cortex-m3 -mthumb -mfloat-abi=soft -specs=nosys.specs -specs=nano.specs -specs=rdimon.specs -lc -lrdimon -T"../STM32F103C8Tx_FLASH.ld" -Wl,-Map=output.map -Wl,--gc-sections -o "MiniProject.elf" @"objects.list"   -lm
Finished building target: MiniProject.elf
 
make --no-print-directory post-build
Generating binary and Printing size information:
arm-none-eabi-objcopy -O binary "MiniProject.elf" "MiniProject.bin"
arm-none-eabi-size "MiniProject.elf"
   text	   data	    bss	    dec	    hex	filename
  14412	    480	   1928	  16820	   41b4	MiniProject.elf
 
23:29:46 **** Incremental Build of configuration Debug for project tcb ****
make all 
make: Nothing to be done for `all'.
23:29:51 **** Incremental Build of configuration Debug for project MiniProject ****
make all 
make: Nothing to be done for `all'.
23:42:27 **** Incremental Build of configuration Debug for project Interrupt ****
make all 
make: Nothing to be done for `all'.
23:42:29 **** Incremental Build of configuration Debug for project MiniProject ****
make all 
Building file: ../Src/main.c
Invoking: MCU GCC Compiler
C:\Users\liewe\Desktop\Command_Line_Interface\MiniProject\Debug
arm-none-eabi-gcc -mcpu=cortex-m3 -mthumb -mfloat-abi=soft '-D__weak=__attribute__((weak))' '-D__packed=__attribute__((__packed__))' -DUSE_HAL_DRIVER -DSTM32F103xB -I"C:/Users/liewe/Desktop/Command_Line_Interface/MiniProject/Inc" -I"C:/Users/liewe/Desktop/Command_Line_Interface/MiniProject/Drivers/STM32F1xx_HAL_Driver/Inc" -I"C:/Users/liewe/Desktop/Command_Line_Interface/MiniProject/Drivers/STM32F1xx_HAL_Driver/Inc/Legacy" -I"C:/Users/liewe/Desktop/Command_Line_Interface/MiniProject/Drivers/CMSIS/Device/ST/STM32F1xx/Include" -I"C:/Users/liewe/Desktop/Command_Line_Interface/MiniProject/Drivers/CMSIS/Include" -I"C:/Users/liewe/Desktop/Command_Line_Interface/MiniProject/Inc"  -Og -g3 -Wall -fmessage-length=0 -ffunction-sections -c -fmessage-length=0 -MMD -MP -MF"Src/main.d" -MT"Src/main.o" -o "Src/main.o" "../Src/main.c"
../Src/main.c:80:1: warning: return type defaults to 'int' [-Wimplicit-int]
 HAL_UART_RxCpltCallback(UART_HandleTypeDef *huart)
 ^
../Src/main.c:80:1: warning: conflicting types for 'HAL_UART_RxCpltCallback'
In file included from C:/Users/liewe/Desktop/Command_Line_Interface/MiniProject/Inc/stm32f1xx_hal_conf.h:301:0,
                 from C:/Users/liewe/Desktop/Command_Line_Interface/MiniProject/Drivers/STM32F1xx_HAL_Driver/Inc/stm32f1xx_hal.h:48,
                 from ../Src/main.c:40:
C:/Users/liewe/Desktop/Command_Line_Interface/MiniProject/Drivers/STM32F1xx_HAL_Driver/Inc/stm32f1xx_hal_uart.h:698:6: note: previous declaration of 'HAL_UART_RxCpltCallback' was here
 void HAL_UART_RxCpltCallback(UART_HandleTypeDef *huart);
      ^
../Src/main.c: In function 'HAL_UART_RxCpltCallback':
../Src/main.c:83:9: warning: pointer targets in assignment differ in signedness [-Wpointer-sign]
  result = &rxString[0];
         ^
../Src/main.c:90:18: warning: comparison between pointer and integer
     if (rxBuffer == 8 || rxBuffer == 127) // If Backspace or del
                  ^
../Src/main.c:90:35: warning: comparison between pointer and integer
     if (rxBuffer == 8 || rxBuffer == 127) // If Backspace or del
                                   ^
../Src/main.c:97:23: warning: comparison between pointer and integer
     else if (rxBuffer == '\n' || rxBuffer == '\r') // If Enter
                       ^
../Src/main.c:97:43: warning: comparison between pointer and integer
     else if (rxBuffer == '\n' || rxBuffer == '\r') // If Enter
                                           ^
../Src/main.c:107:27: warning: assignment makes integer from pointer without a cast [-Wint-conversion]
         rxString[rxindex] = rxBuffer; // Add that character to the string
                           ^
../Src/main.c: In function 'main':
../Src/main.c:156:32: warning: passing argument 2 of 'HAL_UART_Receive_IT' from incompatible pointer type [-Wincompatible-pointer-types]
   HAL_UART_Receive_IT(&huart1, &rxBuffer, 1);
                                ^
In file included from C:/Users/liewe/Desktop/Command_Line_Interface/MiniProject/Inc/stm32f1xx_hal_conf.h:301:0,
                 from C:/Users/liewe/Desktop/Command_Line_Interface/MiniProject/Drivers/STM32F1xx_HAL_Driver/Inc/stm32f1xx_hal.h:48,
                 from ../Src/main.c:40:
C:/Users/liewe/Desktop/Command_Line_Interface/MiniProject/Drivers/STM32F1xx_HAL_Driver/Inc/stm32f1xx_hal_uart.h:689:19: note: expected 'uint8_t * {aka unsigned char *}' but argument is of type 'uint8_t (*)[3] {aka unsigned char (*)[3]}'
 HAL_StatusTypeDef HAL_UART_Receive_IT(UART_HandleTypeDef *huart, uint8_t *pData, uint16_t Size);
                   ^
../Src/main.c:128:11: warning: unused variable 'val' [-Wunused-variable]
  long int val = 0;
           ^
../Src/main.c:126:11: warning: variable 'Data' set but not used [-Wunused-but-set-variable]
  uint64_t Data = 1;
           ^
../Src/main.c:125:11: warning: unused variable 'type_Program' [-Wunused-variable]
  uint32_t type_Program = 1; // last page of starting address
           ^
../Src/main.c:124:11: warning: variable 'Address' set but not used [-Wunused-but-set-variable]
  uint32_t Address;//writing address
           ^
Finished building: ../Src/main.c
 
Building target: MiniProject.elf
Invoking: MCU GCC Linker
arm-none-eabi-gcc -mcpu=cortex-m3 -mthumb -mfloat-abi=soft -specs=nosys.specs -specs=nano.specs -specs=rdimon.specs -lc -lrdimon -T"../STM32F103C8Tx_FLASH.ld" -Wl,-Map=output.map -Wl,--gc-sections -o "MiniProject.elf" @"objects.list"   -lm
Finished building target: MiniProject.elf
 
make --no-print-directory post-build
Generating binary and Printing size information:
arm-none-eabi-objcopy -O binary "MiniProject.elf" "MiniProject.bin"
arm-none-eabi-size "MiniProject.elf"
   text	   data	    bss	    dec	    hex	filename
  14412	    480	   1928	  16820	   41b4	MiniProject.elf
 
23:42:34 **** Incremental Build of configuration Debug for project tcb ****
make all 
make: Nothing to be done for `all'.
23:42:38 **** Incremental Build of configuration Debug for project Interrupt ****
make all 
make: Nothing to be done for `all'.
23:42:40 **** Incremental Build of configuration Debug for project MiniProject ****
make all 
make: Nothing to be done for `all'.
23:42:41 **** Incremental Build of configuration Debug for project tcb ****
make all 
make: Nothing to be done for `all'.
23:42:47 **** Incremental Build of configuration Debug for project MiniProject ****
make all 
make: Nothing to be done for `all'.
23:46:23 **** Incremental Build of configuration Debug for project Interrupt ****
make all 
make: Nothing to be done for `all'.
23:46:25 **** Incremental Build of configuration Debug for project MiniProject ****
make all 
Building file: ../Src/main.c
Invoking: MCU GCC Compiler
C:\Users\liewe\Desktop\Command_Line_Interface\MiniProject\Debug
arm-none-eabi-gcc -mcpu=cortex-m3 -mthumb -mfloat-abi=soft '-D__weak=__attribute__((weak))' '-D__packed=__attribute__((__packed__))' -DUSE_HAL_DRIVER -DSTM32F103xB -I"C:/Users/liewe/Desktop/Command_Line_Interface/MiniProject/Inc" -I"C:/Users/liewe/Desktop/Command_Line_Interface/MiniProject/Drivers/STM32F1xx_HAL_Driver/Inc" -I"C:/Users/liewe/Desktop/Command_Line_Interface/MiniProject/Drivers/STM32F1xx_HAL_Driver/Inc/Legacy" -I"C:/Users/liewe/Desktop/Command_Line_Interface/MiniProject/Drivers/CMSIS/Device/ST/STM32F1xx/Include" -I"C:/Users/liewe/Desktop/Command_Line_Interface/MiniProject/Drivers/CMSIS/Include" -I"C:/Users/liewe/Desktop/Command_Line_Interface/MiniProject/Inc"  -Og -g3 -Wall -fmessage-length=0 -ffunction-sections -c -fmessage-length=0 -MMD -MP -MF"Src/main.d" -MT"Src/main.o" -o "Src/main.o" "../Src/main.c"
../Src/main.c:80:1: warning: return type defaults to 'int' [-Wimplicit-int]
 HAL_UART_RxCpltCallback(UART_HandleTypeDef *huart)
 ^
../Src/main.c:80:1: warning: conflicting types for 'HAL_UART_RxCpltCallback'
In file included from C:/Users/liewe/Desktop/Command_Line_Interface/MiniProject/Inc/stm32f1xx_hal_conf.h:301:0,
                 from C:/Users/liewe/Desktop/Command_Line_Interface/MiniProject/Drivers/STM32F1xx_HAL_Driver/Inc/stm32f1xx_hal.h:48,
                 from ../Src/main.c:40:
C:/Users/liewe/Desktop/Command_Line_Interface/MiniProject/Drivers/STM32F1xx_HAL_Driver/Inc/stm32f1xx_hal_uart.h:698:6: note: previous declaration of 'HAL_UART_RxCpltCallback' was here
 void HAL_UART_RxCpltCallback(UART_HandleTypeDef *huart);
      ^
../Src/main.c: In function 'HAL_UART_RxCpltCallback':
../Src/main.c:83:9: warning: pointer targets in assignment differ in signedness [-Wpointer-sign]
  result = &rxString[0];
         ^
../Src/main.c:90:18: warning: comparison between pointer and integer
     if (rxBuffer == 8 || rxBuffer == 127) // If Backspace or del
                  ^
../Src/main.c:90:35: warning: comparison between pointer and integer
     if (rxBuffer == 8 || rxBuffer == 127) // If Backspace or del
                                   ^
../Src/main.c:97:23: warning: comparison between pointer and integer
     else if (rxBuffer == '\n' || rxBuffer == '\r') // If Enter
                       ^
../Src/main.c:97:43: warning: comparison between pointer and integer
     else if (rxBuffer == '\n' || rxBuffer == '\r') // If Enter
                                           ^
../Src/main.c: In function 'main':
../Src/main.c:156:32: warning: passing argument 2 of 'HAL_UART_Receive_IT' from incompatible pointer type [-Wincompatible-pointer-types]
   HAL_UART_Receive_IT(&huart1, &rxBuffer, 1);
                                ^
In file included from C:/Users/liewe/Desktop/Command_Line_Interface/MiniProject/Inc/stm32f1xx_hal_conf.h:301:0,
                 from C:/Users/liewe/Desktop/Command_Line_Interface/MiniProject/Drivers/STM32F1xx_HAL_Driver/Inc/stm32f1xx_hal.h:48,
                 from ../Src/main.c:40:
C:/Users/liewe/Desktop/Command_Line_Interface/MiniProject/Drivers/STM32F1xx_HAL_Driver/Inc/stm32f1xx_hal_uart.h:689:19: note: expected 'uint8_t * {aka unsigned char *}' but argument is of type 'uint8_t (*)[3] {aka unsigned char (*)[3]}'
 HAL_StatusTypeDef HAL_UART_Receive_IT(UART_HandleTypeDef *huart, uint8_t *pData, uint16_t Size);
                   ^
../Src/main.c:128:11: warning: unused variable 'val' [-Wunused-variable]
  long int val = 0;
           ^
../Src/main.c:126:11: warning: variable 'Data' set but not used [-Wunused-but-set-variable]
  uint64_t Data = 1;
           ^
../Src/main.c:125:11: warning: unused variable 'type_Program' [-Wunused-variable]
  uint32_t type_Program = 1; // last page of starting address
           ^
../Src/main.c:124:11: warning: variable 'Address' set but not used [-Wunused-but-set-variable]
  uint32_t Address;//writing address
           ^
Finished building: ../Src/main.c
 
Building target: MiniProject.elf
Invoking: MCU GCC Linker
arm-none-eabi-gcc -mcpu=cortex-m3 -mthumb -mfloat-abi=soft -specs=nosys.specs -specs=nano.specs -specs=rdimon.specs -lc -lrdimon -T"../STM32F103C8Tx_FLASH.ld" -Wl,-Map=output.map -Wl,--gc-sections -o "MiniProject.elf" @"objects.list"   -lm
Finished building target: MiniProject.elf
 
make --no-print-directory post-build
Generating binary and Printing size information:
arm-none-eabi-objcopy -O binary "MiniProject.elf" "MiniProject.bin"
arm-none-eabi-size "MiniProject.elf"
   text	   data	    bss	    dec	    hex	filename
  14412	    480	   1928	  16820	   41b4	MiniProject.elf
 
23:46:29 **** Incremental Build of configuration Debug for project tcb ****
make all 
make: Nothing to be done for `all'.
23:46:38 **** Incremental Build of configuration Debug for project MiniProject ****
make all 
make: Nothing to be done for `all'.
